Archive member included to satisfy reference by file (symbol)

/Users/Jerry/MCUXpressoIDE/workspace2/lpc_board_nxp_lpcxpresso_1769/Debug/liblpc_board_nxp_lpcxpresso_1769.a(board.o)
                              ./example/src/webserver_freertos.o (Board_LED_Set)
/Users/Jerry/MCUXpressoIDE/workspace2/lpc_board_nxp_lpcxpresso_1769/Debug/liblpc_board_nxp_lpcxpresso_1769.a(board_sysinit.o)
                              ./example/src/sysinit.o (Board_SystemInit)
/Users/Jerry/MCUXpressoIDE/workspace2/lpc_board_nxp_lpcxpresso_1769/Debug/liblpc_board_nxp_lpcxpresso_1769.a(lpc_phy_smsc87x0.o)
                              ./lwip/src/arch/lpc17xx_40xx_emac.o (lpc_phy_init)
/Users/Jerry/MCUXpressoIDE/workspace2/lpc_chip_175x_6x/Debug/liblpc_chip_175x_6x.a(chip_17xx_40xx.o)
                              ./freertos/src/port.o (SystemCoreClock)
/Users/Jerry/MCUXpressoIDE/workspace2/lpc_chip_175x_6x/Debug/liblpc_chip_175x_6x.a(clock_17xx_40xx.o)
                              /Users/Jerry/MCUXpressoIDE/workspace2/lpc_chip_175x_6x/Debug/liblpc_chip_175x_6x.a(chip_17xx_40xx.o) (Chip_Clock_EnablePLL)
/Users/Jerry/MCUXpressoIDE/workspace2/lpc_chip_175x_6x/Debug/liblpc_chip_175x_6x.a(enet_17xx_40xx.o)
                              ./lwip/src/arch/lpc17xx_40xx_emac.o (Chip_ENET_Init)
/Users/Jerry/MCUXpressoIDE/workspace2/lpc_chip_175x_6x/Debug/liblpc_chip_175x_6x.a(i2s_17xx_40xx.o)
                              /Users/Jerry/MCUXpressoIDE/workspace2/lpc_board_nxp_lpcxpresso_1769/Debug/liblpc_board_nxp_lpcxpresso_1769.a(board.o) (Chip_I2S_Init)
/Users/Jerry/MCUXpressoIDE/workspace2/lpc_chip_175x_6x/Debug/liblpc_chip_175x_6x.a(iocon_17xx_40xx.o)
                              /Users/Jerry/MCUXpressoIDE/workspace2/lpc_board_nxp_lpcxpresso_1769/Debug/liblpc_board_nxp_lpcxpresso_1769.a(board.o) (Chip_IOCON_PinMux)
/Users/Jerry/MCUXpressoIDE/workspace2/lpc_chip_175x_6x/Debug/liblpc_chip_175x_6x.a(sysinit_17xx_40xx.o)
                              /Users/Jerry/MCUXpressoIDE/workspace2/lpc_board_nxp_lpcxpresso_1769/Debug/liblpc_board_nxp_lpcxpresso_1769.a(board_sysinit.o) (Chip_SetupXtalClocking)
/Users/Jerry/MCUXpressoIDE/workspace2/lpc_chip_175x_6x/Debug/liblpc_chip_175x_6x.a(uart_17xx_40xx.o)
                              /Users/Jerry/MCUXpressoIDE/workspace2/lpc_board_nxp_lpcxpresso_1769/Debug/liblpc_board_nxp_lpcxpresso_1769.a(board.o) (Chip_UART_Init)
/Users/Jerry/MCUXpressoIDE/workspace2/lpc_chip_175x_6x/Debug/liblpc_chip_175x_6x.a(ring_buffer.o)
                              /Users/Jerry/MCUXpressoIDE/workspace2/lpc_chip_175x_6x/Debug/liblpc_chip_175x_6x.a(uart_17xx_40xx.o) (RingBuffer_Insert)
/Applications/MCUXpressoIDE_10.1.1_606/ide/tools/bin/../lib/gcc/arm-none-eabi/6.3.1/../../../../arm-none-eabi/lib/thumb/v7-m/libcr_semihost.a(_cr__main.o)
                              ./example/src/cr_startup_lpc175x_6x.o (__main)
/Applications/MCUXpressoIDE_10.1.1_606/ide/tools/bin/../lib/gcc/arm-none-eabi/6.3.1/../../../../arm-none-eabi/lib/thumb/v7-m/libcr_c.a(memcpy.o)
                              ./lwip/src/netif/etharp.o (memcpy)
/Applications/MCUXpressoIDE_10.1.1_606/ide/tools/bin/../lib/gcc/arm-none-eabi/6.3.1/../../../../arm-none-eabi/lib/thumb/v7-m/libcr_c.a(memset.o)
                              ./lwip/src/core/ipv4/ip_frag.o (memset)
/Applications/MCUXpressoIDE_10.1.1_606/ide/tools/bin/../lib/gcc/arm-none-eabi/6.3.1/../../../../arm-none-eabi/lib/thumb/v7-m/libcr_c.a(alloc.o)
                              ./lwip/src/core/ipv4/ip_frag.o (malloc)
/Applications/MCUXpressoIDE_10.1.1_606/ide/tools/bin/../lib/gcc/arm-none-eabi/6.3.1/../../../../arm-none-eabi/lib/thumb/v7-m/libcr_c.a(fpprintf.o)
                              ./lwip/src/api/sockets.o (printf)
/Applications/MCUXpressoIDE_10.1.1_606/ide/tools/bin/../lib/gcc/arm-none-eabi/6.3.1/../../../../arm-none-eabi/lib/thumb/v7-m/libcr_c.a(gets.o)
                              ./example/src/webserver_freertos.o (gets)
/Applications/MCUXpressoIDE_10.1.1_606/ide/tools/bin/../lib/gcc/arm-none-eabi/6.3.1/../../../../arm-none-eabi/lib/thumb/v7-m/libcr_c.a(initio.o)
                              /Applications/MCUXpressoIDE_10.1.1_606/ide/tools/bin/../lib/gcc/arm-none-eabi/6.3.1/../../../../arm-none-eabi/lib/thumb/v7-m/libcr_semihost.a(_cr__main.o) (_initio)
/Applications/MCUXpressoIDE_10.1.1_606/ide/tools/bin/../lib/gcc/arm-none-eabi/6.3.1/../../../../arm-none-eabi/lib/thumb/v7-m/libcr_c.a(memcmp.o)
                              ./lwip/src/netif/etharp.o (memcmp)
/Applications/MCUXpressoIDE_10.1.1_606/ide/tools/bin/../lib/gcc/arm-none-eabi/6.3.1/../../../../arm-none-eabi/lib/thumb/v7-m/libcr_c.a(printf.o)
                              /Applications/MCUXpressoIDE_10.1.1_606/ide/tools/bin/../lib/gcc/arm-none-eabi/6.3.1/../../../../arm-none-eabi/lib/thumb/v7-m/libcr_c.a(fpprintf.o) (__vfprintf)
/Applications/MCUXpressoIDE_10.1.1_606/ide/tools/bin/../lib/gcc/arm-none-eabi/6.3.1/../../../../arm-none-eabi/lib/thumb/v7-m/libcr_c.a(scanf.o)
[...]
Memory Configuration

Name             Origin             Length             Attributes
MFlash512        0x0000000000000000 0x0000000000080000 xr
RamLoc32         0x0000000010000000 0x0000000000008000 xrw
RamAHB32         0x000000002007c000 0x0000000000008000 xrw
*default*        0x0000000000000000 0xffffffffffffffff

Linker script and memory map

LOAD ./lwip/src/netif/etharp.o
LOAD ./lwip/src/netif/ethernetif.o
LOAD ./lwip/src/core/ipv4/autoip.o
LOAD ./lwip/src/core/ipv4/icmp.o
LOAD ./lwip/src/core/ipv4/igmp.o
LOAD ./lwip/src/core/ipv4/inet.o
LOAD ./lwip/src/core/ipv4/inet_chksum.o
LOAD ./lwip/src/core/ipv4/ip.o
LOAD ./lwip/src/core/ipv4/ip_addr.o
LOAD ./lwip/src/core/ipv4/ip_frag.o
LOAD ./lwip/src/core/def.o
LOAD ./lwip/src/core/dhcp.o
LOAD ./lwip/src/core/dns.o
LOAD ./lwip/src/core/init.o
LOAD ./lwip/src/core/mem.o
LOAD ./lwip/src/core/memp.o
LOAD ./lwip/src/core/netif.o
LOAD ./lwip/src/core/pbuf.o
LOAD ./lwip/src/core/raw.o
LOAD ./lwip/src/core/stats.o
LOAD ./lwip/src/core/sys.o
LOAD ./lwip/src/core/tcp.o
LOAD ./lwip/src/core/tcp_in.o
LOAD ./lwip/src/core/tcp_out.o
LOAD ./lwip/src/core/timers.o
LOAD ./lwip/src/core/udp.o
LOAD ./lwip/src/arch/lpc17xx_40xx_emac.o
LOAD ./lwip/src/arch/lpc_debug.o
LOAD ./lwip/src/arch/sys_arch_freertos.o
LOAD ./lwip/src/api/api_lib.o
LOAD ./lwip/src/api/api_msg.o
LOAD ./lwip/src/api/err.o
LOAD ./lwip/src/api/netbuf.o
LOAD ./lwip/src/api/netdb.o
LOAD ./lwip/src/api/netifapi.o
LOAD ./lwip/src/api/sockets.o
LOAD ./lwip/src/api/tcpip.o
LOAD ./freertos/src/FreeRTOSCommonHooks.o
LOAD ./freertos/src/heap_3.o
LOAD ./freertos/src/list.o
LOAD ./freertos/src/port.o
LOAD ./freertos/src/queue.o
LOAD ./freertos/src/tasks.o
LOAD ./example/src/cr_redlib_heap_fix.o
LOAD ./example/src/cr_startup_lpc175x_6x.o
LOAD ./example/src/lwip_fs.o
LOAD ./example/src/netconn_fs.o
LOAD ./example/src/sysinit.o
LOAD ./example/src/webserver_freertos.o
LOAD /Users/Jerry/MCUXpressoIDE/workspace2/lpc_board_nxp_lpcxpresso_1769/Debug/liblpc_board_nxp_lpcxpresso_1769.a
LOAD /Users/Jerry/MCUXpressoIDE/workspace2/lpc_chip_175x_6x/Debug/liblpc_chip_175x_6x.a
START GROUP
LOAD /Applications/MCUXpressoIDE_10.1.1_606/ide/tools/bin/../lib/gcc/arm-none-eabi/6.3.1/../../../../arm-none-eabi/lib/thumb/v7-m/libcr_semihost.a
LOAD /Applications/MCUXpressoIDE_10.1.1_606/ide/tools/bin/../lib/gcc/arm-none-eabi/6.3.1/../../../../arm-none-eabi/lib/thumb/v7-m/libcr_c.a
LOAD /Applications/MCUXpressoIDE_10.1.1_606/ide/tools/bin/../lib/gcc/arm-none-eabi/6.3.1/thumb/v7-m/libcr_eabihelpers.a
END GROUP
                0x0000000000000000                __base_MFlash512 = 0x0
                0x0000000000000000                __base_Flash = 0x0
                0x0000000000080000                __top_MFlash512 = 0x80000
                0x0000000000080000                __top_Flash = 0x80000
                0x0000000010000000                __base_RamLoc32 = 0x10000000
                0x0000000010000000                __base_RAM = 0x10000000
                0x0000000010008000                __top_RamLoc32 = 0x10008000
                0x0000000010008000                __top_RAM = 0x10008000
                0x000000002007c000                __base_RamAHB32 = 0x2007c000
                0x000000002007c000                __base_RAM2 = 0x2007c000
                0x0000000020084000                __top_RamAHB32 = 0x20084000
                0x0000000020084000                __top_RAM2 = 0x20084000

.text           0x0000000000000000    0x12274
 FILL mask 0xff
                0x0000000000000000                __vectors_start__ = ABSOLUTE (.)
 *(.isr_vector)
 .isr_vector    0x0000000000000000       0xcc ./example/src/cr_startup_lpc175x_6x.o
                0x0000000000000000                g_pfnVectors
                0x00000000000000cc                . = ALIGN (0x4)
                0x00000000000000cc                __section_table_start = .
                0x00000000000000cc                __data_section_table = .
                0x00000000000000cc        0x4 LONG 0x12274 LOADADDR (.data)
                0x00000000000000d0        0x4 LONG 0x10000000 ADDR (.data)
                0x00000000000000d4        0x4 LONG 0x1c SIZEOF (.data)
                0x00000000000000d8        0x4 LONG 0x12274 LOADADDR (.data_RAM2)
                0x00000000000000dc        0x4 LONG 0x2007c000 ADDR (.data_RAM2)
                0x00000000000000e0        0x4 LONG 0x0 SIZEOF (.data_RAM2)
                0x00000000000000e4                __data_section_table_end = .
                0x00000000000000e4                __bss_section_table = .
                0x00000000000000e4        0x4 LONG 0x10000020 ADDR (.bss)
                0x00000000000000e8        0x4 LONG 0x9b0 SIZEOF (.bss)
                0x00000000000000ec        0x4 LONG 0x2007c000 ADDR (.bss_RAM2)
                0x00000000000000f0        0x4 LONG 0x0 SIZEOF (.bss_RAM2)
                0x00000000000000f4                __bss_section_table_end = .
                0x00000000000000f4                __section_table_end = .
 *(.after_vectors*)
 .after_vectors
                0x00000000000000f4      0x12c ./example/src/cr_startup_lpc175x_6x.o
                0x00000000000000f4                data_init
                0x0000000000000136                bss_init
                0x000000000000016c                ResetISR
                0x00000000000001e4                NMI_Handler
                0x00000000000001ea                HardFault_Handler
                0x00000000000001f0                MemManage_Handler
                0x00000000000001f6                BusFault_Handler
                0x00000000000001fc                UsageFault_Handler
                0x0000000000000208                DebugMon_Handler
                0x000000000000021a                CANActivity_IRQHandler
                0x000000000000021a                TIMER3_IRQHandler
                0x000000000000021a                UART0_IRQHandler
                0x000000000000021a                IntDefaultHandler
                0x000000000000021a                PLL0_IRQHandler
                0x000000000000021a                CAN_IRQHandler
                0x000000000000021a                PLL1_IRQHandler
                0x000000000000021a                SSP0_IRQHandler
                0x000000000000021a                I2S_IRQHandler
                0x000000000000021a                I2C2_IRQHandler
                0x000000000000021a                RTC_IRQHandler
                0x000000000000021a                TIMER0_IRQHandler
                0x000000000000021a                SPI_IRQHandler
                0x000000000000021a                EINT1_IRQHandler
                0x000000000000021a                TIMER1_IRQHandler
                0x000000000000021a                UART2_IRQHandler
                0x000000000000021a                ADC_IRQHandler
                0x000000000000021a                SSP1_IRQHandler
                0x000000000000021a                USB_IRQHandler
                0x000000000000021a                BOD_IRQHandler
                0x000000000000021a                WDT_IRQHandler
                0x000000000000021a                QEI_IRQHandler
                0x000000000000021a                EINT0_IRQHandler
                0x000000000000021a                DMA_IRQHandler
                0x000000000000021a                UART3_IRQHandler
                0x000000000000021a                TIMER2_IRQHandler
                0x000000000000021a                MCPWM_IRQHandler
                0x000000000000021a                RIT_IRQHandler
                0x000000000000021a                I2C0_IRQHandler
                0x000000000000021a                USBActivity_IRQHandler
                0x000000000000021a                PWM1_IRQHandler
                0x000000000000021a                I2C1_IRQHandler
                0x000000000000021a                EINT2_IRQHandler
                0x000000000000021a                UART1_IRQHandler
                0x000000000000021a                EINT3_IRQHandler
 *(.text*)
 .text.etharp_free_entry
                0x0000000000000220       0x64 ./lwip/src/netif/etharp.o
 .text.etharp_tmr
                0x0000000000000284       0xdc ./lwip/src/netif/etharp.o
                0x0000000000000284                etharp_tmr
 .text.etharp_find_entry
                0x0000000000000360      0x248 ./lwip/src/netif/etharp.o
 .text.etharp_send_ip
                0x00000000000005a8       0x5e ./lwip/src/netif/etharp.o
 *fill*         0x0000000000000606        0x2 ff
 .text.etharp_update_arp_entry
                0x0000000000000608      0x12c ./lwip/src/netif/etharp.o
 .text.etharp_arp_input
                0x0000000000000734      0x18a ./lwip/src/netif/etharp.o
 *fill*         0x00000000000008be        0x2 ff
 .text.etharp_output_to_arp_index
                0x00000000000008c0       0xb8 ./lwip/src/netif/etharp.o
 .text.etharp_output
                0x0000000000000978      0x1b8 ./lwip/src/netif/etharp.o
                0x0000000000000978                etharp_output
 .text.etharp_query
                0x0000000000000b30      0x24c ./lwip/src/netif/etharp.o
                0x0000000000000b30                etharp_query
 .text.etharp_raw
                0x0000000000000d7c      0x11a ./lwip/src/netif/etharp.o
 *fill*         0x0000000000000e96        0x2 ff
 .text.etharp_request
                0x0000000000000e98       0x44 ./lwip/src/netif/etharp.o
                0x0000000000000e98                etharp_request
 .text.ethernet_input
                0x0000000000000edc      0x100 ./lwip/src/netif/etharp.o
                0x0000000000000edc                ethernet_input
 .text.icmp_input
                0x0000000000000fdc      0x210 ./lwip/src/core/ipv4/icmp.o
                0x0000000000000fdc                icmp_input
 .text.icmp_dest_unreach
                0x00000000000011ec       0x20 ./lwip/src/core/ipv4/icmp.o
                0x00000000000011ec                icmp_dest_unreach
 .text.icmp_time_exceeded
                0x000000000000120c       0x20 ./lwip/src/core/ipv4/icmp.o
                0x000000000000120c                icmp_time_exceeded
 .text.icmp_send_response
                0x000000000000122c       0xb8 ./lwip/src/core/ipv4/icmp.o
 .text.lwip_standard_chksum
                0x00000000000012e4       0x9a ./lwip/src/core/ipv4/inet_chksum.o
 .text.inet_chksum_pseudo
                0x000000000000137e      0x10c ./lwip/src/core/ipv4/inet_chksum.o
                0x000000000000137e                inet_chksum_pseudo
 .text.inet_chksum_pseudo_partial
                0x000000000000148a      0x138 ./lwip/src/core/ipv4/inet_chksum.o
                0x000000000000148a                inet_chksum_pseudo_partial
 .text.inet_chksum
                0x00000000000015c2       0x24 ./lwip/src/core/ipv4/inet_chksum.o
                0x00000000000015c2                inet_chksum
 .text.inet_chksum_pbuf
                0x00000000000015e6       0x94 ./lwip/src/core/ipv4/inet_chksum.o
                0x00000000000015e6                inet_chksum_pbuf
 .text.lwip_chksum_copy
                0x000000000000167a       0x2e ./lwip/src/core/ipv4/inet_chksum.o
                0x000000000000167a                lwip_chksum_copy
 .text.ip_route
                0x00000000000016a8       0x74 ./lwip/src/core/ipv4/ip.o
                0x00000000000016a8                ip_route
 .text.ip_input
                0x000000000000171c      0x220 ./lwip/src/core/ipv4/ip.o
                0x000000000000171c                ip_input
 .text.ip_output_if
                0x000000000000193c      0x1c0 ./lwip/src/core/ipv4/ip.o
                0x000000000000193c                ip_output_if
 .text.ip_output
                0x0000000000001afc       0x56 ./lwip/src/core/ipv4/ip.o
                0x0000000000001afc                ip_output
 .text.ip4_addr_isbroadcast
                0x0000000000001b52       0x76 ./lwip/src/core/ipv4/ip_addr.o
                0x0000000000001b52                ip4_addr_isbroadcast
 .text.ipaddr_ntoa_r
                0x0000000000001bc8      0x100 ./lwip/src/core/ipv4/ip_addr.o
                0x0000000000001bc8                ipaddr_ntoa_r
 .text.ip_reass_tmr
                0x0000000000001cc8       0x58 ./lwip/src/core/ipv4/ip_frag.o
                0x0000000000001cc8                ip_reass_tmr
 .text.ip_reass_free_complete_datagram
                0x0000000000001d20      0x10c ./lwip/src/core/ipv4/ip_frag.o
 .text.ip_reass_remove_oldest_datagram
                0x0000000000001e2c       0xb8 ./lwip/src/core/ipv4/ip_frag.o
 .text.ip_reass_enqueue_new_datagram
                0x0000000000001ee4       0x80 ./lwip/src/core/ipv4/ip_frag.o
 .text.ip_reass_dequeue_datagram
                0x0000000000001f64       0x44 ./lwip/src/core/ipv4/ip_frag.o
 .text.ip_reass_chain_frag_into_datagram_and_validate
                0x0000000000001fa8      0x250 ./lwip/src/core/ipv4/ip_frag.o
 .text.ip_reass
                0x00000000000021f8      0x244 ./lwip/src/core/ipv4/ip_frag.o
                0x00000000000021f8                ip_reass
 .text.ip_frag_alloc_pbuf_custom_ref
                0x000000000000243c       0x18 ./lwip/src/core/ipv4/ip_frag.o
 .text.ip_frag_free_pbuf_custom_ref
                0x0000000000002454       0x20 ./lwip/src/core/ipv4/ip_frag.o
 .text.ipfrag_free_pbuf_custom
                0x0000000000002474       0x42 ./lwip/src/core/ipv4/ip_frag.o
 *fill*         0x00000000000024b6        0x2 ff
 .text.ip_frag  0x00000000000024b8      0x208 ./lwip/src/core/ipv4/ip_frag.o
                0x00000000000024b8                ip_frag
 .text.lwip_htons
                0x00000000000026c0       0x28 ./lwip/src/core/def.o
                0x00000000000026c0                lwip_htons
 .text.lwip_ntohs
                0x00000000000026e8       0x1c ./lwip/src/core/def.o
                0x00000000000026e8                lwip_ntohs
 .text.lwip_htonl
                0x0000000000002704       0x30 ./lwip/src/core/def.o
                0x0000000000002704                lwip_htonl
 .text.lwip_ntohl
                0x0000000000002734       0x18 ./lwip/src/core/def.o
                0x0000000000002734                lwip_ntohl
 .text.lwip_init
                0x000000000000274c       0x20 ./lwip/src/core/init.o
                0x000000000000274c                lwip_init
 .text.netif_init
                0x000000000000276c        0xc ./lwip/src/core/netif.o
                0x000000000000276c                netif_init
 .text.netif_add
                0x0000000000002778       0x8c ./lwip/src/core/netif.o
                0x0000000000002778                netif_add
 .text.netif_set_addr
                0x0000000000002804       0x2e ./lwip/src/core/netif.o
                0x0000000000002804                netif_set_addr
 *fill*         0x0000000000002832        0x2 ff
 .text.netif_set_ipaddr
                0x0000000000002834       0xb0 ./lwip/src/core/netif.o
                0x0000000000002834                netif_set_ipaddr
 .text.netif_set_gw
                0x00000000000028e4       0x26 ./lwip/src/core/netif.o
                0x00000000000028e4                netif_set_gw
 .text.netif_set_netmask
                0x000000000000290a       0x26 ./lwip/src/core/netif.o
                0x000000000000290a                netif_set_netmask
 .text.netif_set_default
                0x0000000000002930       0x1c ./lwip/src/core/netif.o
                0x0000000000002930                netif_set_default
 .text.netif_set_up
                0x000000000000294c       0x58 ./lwip/src/core/netif.o
                0x000000000000294c                netif_set_up
 .text.netif_set_link_up
                0x00000000000029a4       0x58 ./lwip/src/core/netif.o
                0x00000000000029a4                netif_set_link_up
 .text.netif_set_link_down
                0x00000000000029fc       0x32 ./lwip/src/core/netif.o
                0x00000000000029fc                netif_set_link_down
 *fill*         0x0000000000002a2e        0x2 ff
 .text.pbuf_free_ooseq
                0x0000000000002a30       0x54 ./lwip/src/core/pbuf.o
 .text.pbuf_free_ooseq_callback
                0x0000000000002a84       0x14 ./lwip/src/core/pbuf.o
 .text.pbuf_pool_is_empty
                0x0000000000002a98       0x58 ./lwip/src/core/pbuf.o
 .text.pbuf_alloc
                0x0000000000002af0      0x294 ./lwip/src/core/pbuf.o
                0x0000000000002af0                pbuf_alloc
 .text.pbuf_alloced_custom
                0x0000000000002d84       0xb4 ./lwip/src/core/pbuf.o
                0x0000000000002d84                pbuf_alloced_custom
 .text.pbuf_realloc
                0x0000000000002e38       0xe6 ./lwip/src/core/pbuf.o
                0x0000000000002e38                pbuf_realloc
 .text.pbuf_header
                0x0000000000002f1e       0xec ./lwip/src/core/pbuf.o
                0x0000000000002f1e                pbuf_header
 .text.pbuf_free
                0x000000000000300a       0xf0 ./lwip/src/core/pbuf.o
                0x000000000000300a                pbuf_free
 .text.pbuf_clen
                0x00000000000030fa       0x2c ./lwip/src/core/pbuf.o
                0x00000000000030fa                pbuf_clen
 .text.pbuf_ref
                0x0000000000003126       0x2e ./lwip/src/core/pbuf.o
                0x0000000000003126                pbuf_ref
 .text.pbuf_cat
                0x0000000000003154       0x78 ./lwip/src/core/pbuf.o
                0x0000000000003154                pbuf_cat
 .text.pbuf_copy
                0x00000000000031cc      0x13c ./lwip/src/core/pbuf.o
                0x00000000000031cc                pbuf_copy
 .text.pbuf_copy_partial
                0x0000000000003308       0xd0 ./lwip/src/core/pbuf.o
                0x0000000000003308                pbuf_copy_partial
 .text.raw_input
                0x00000000000033d8       0xdc ./lwip/src/core/raw.o
                0x00000000000033d8                raw_input
 .text.raw_bind
                0x00000000000034b4       0x28 ./lwip/src/core/raw.o
                0x00000000000034b4                raw_bind
 .text.raw_recv
                0x00000000000034dc       0x22 ./lwip/src/core/raw.o
                0x00000000000034dc                raw_recv
 *fill*         0x00000000000034fe        0x2 ff
 .text.raw_remove
                0x0000000000003500       0x60 ./lwip/src/core/raw.o
                0x0000000000003500                raw_remove
 .text.raw_new  0x0000000000003560       0x54 ./lwip/src/core/raw.o
                0x0000000000003560                raw_new
 .text.tcp_init
                0x00000000000035b4        0xc ./lwip/src/core/tcp.o
                0x00000000000035b4                tcp_init
 .text.tcp_tmr  0x00000000000035c0       0x2c ./lwip/src/core/tcp.o
                0x00000000000035c0                tcp_tmr
 .text.tcp_close_shutdown
                0x00000000000035ec      0x258 ./lwip/src/core/tcp.o
 .text.tcp_close
                0x0000000000003844       0x30 ./lwip/src/core/tcp.o
                0x0000000000003844                tcp_close
 .text.tcp_shutdown
                0x0000000000003874       0x8e ./lwip/src/core/tcp.o
                0x0000000000003874                tcp_shutdown
 *fill*         0x0000000000003902        0x2 ff
 .text.tcp_abandon
                0x0000000000003904       0xdc ./lwip/src/core/tcp.o
                0x0000000000003904                tcp_abandon
 .text.tcp_abort
                0x00000000000039e0       0x18 ./lwip/src/core/tcp.o
                0x00000000000039e0                tcp_abort
 .text.tcp_bind
                0x00000000000039f8       0xe4 ./lwip/src/core/tcp.o
                0x00000000000039f8                tcp_bind
 .text.tcp_accept_null
                0x0000000000003adc       0x1c ./lwip/src/core/tcp.o
 .text.tcp_listen_with_backlog
                0x0000000000003af8      0x120 ./lwip/src/core/tcp.o
                0x0000000000003af8                tcp_listen_with_backlog
 .text.tcp_update_rcv_ann_wnd
                0x0000000000003c18       0x8a ./lwip/src/core/tcp.o
                0x0000000000003c18                tcp_update_rcv_ann_wnd
 .text.tcp_recved
                0x0000000000003ca2       0x7e ./lwip/src/core/tcp.o
                0x0000000000003ca2                tcp_recved
 .text.tcp_new_port
                0x0000000000003d20       0x88 ./lwip/src/core/tcp.o
 .text.tcp_slowtmr
                0x0000000000003da8      0x4c4 ./lwip/src/core/tcp.o
                0x0000000000003da8                tcp_slowtmr
 .text.tcp_fasttmr
                0x000000000000426c       0xa4 ./lwip/src/core/tcp.o
                0x000000000000426c                tcp_fasttmr
 .text.tcp_process_refused_data
                0x0000000000004310       0xce ./lwip/src/core/tcp.o
                0x0000000000004310                tcp_process_refused_data
 .text.tcp_segs_free
                0x00000000000043de       0x28 ./lwip/src/core/tcp.o
                0x00000000000043de                tcp_segs_free
 .text.tcp_seg_free
                0x0000000000004406       0x2e ./lwip/src/core/tcp.o
                0x0000000000004406                tcp_seg_free
 .text.tcp_seg_copy
                0x0000000000004434       0x40 ./lwip/src/core/tcp.o
                0x0000000000004434                tcp_seg_copy
 .text.tcp_recv_null
                0x0000000000004474       0x44 ./lwip/src/core/tcp.o
                0x0000000000004474                tcp_recv_null
 .text.tcp_kill_prio
                0x00000000000044b8       0x80 ./lwip/src/core/tcp.o
 .text.tcp_kill_timewait
                0x0000000000004538       0x60 ./lwip/src/core/tcp.o
 .text.tcp_alloc
                0x0000000000004598      0x128 ./lwip/src/core/tcp.o
                0x0000000000004598                tcp_alloc
 .text.tcp_new  0x00000000000046c0       0x10 ./lwip/src/core/tcp.o
                0x00000000000046c0                tcp_new
 .text.tcp_arg  0x00000000000046d0       0x1a ./lwip/src/core/tcp.o
                0x00000000000046d0                tcp_arg
 .text.tcp_recv
                0x00000000000046ea       0x26 ./lwip/src/core/tcp.o
                0x00000000000046ea                tcp_recv
 .text.tcp_sent
                0x0000000000004710       0x24 ./lwip/src/core/tcp.o
                0x0000000000004710                tcp_sent
 .text.tcp_err  0x0000000000004734       0x26 ./lwip/src/core/tcp.o
                0x0000000000004734                tcp_err
 .text.tcp_accept
                0x000000000000475a       0x1a ./lwip/src/core/tcp.o
                0x000000000000475a                tcp_accept
 .text.tcp_poll
                0x0000000000004774       0x32 ./lwip/src/core/tcp.o
                0x0000000000004774                tcp_poll
 .text.tcp_pcb_purge
                0x00000000000047a6       0x82 ./lwip/src/core/tcp.o
                0x00000000000047a6                tcp_pcb_purge
 .text.tcp_pcb_remove
                0x0000000000004828       0xd0 ./lwip/src/core/tcp.o
                0x0000000000004828                tcp_pcb_remove
 .text.tcp_next_iss
                0x00000000000048f8       0x28 ./lwip/src/core/tcp.o
                0x00000000000048f8                tcp_next_iss
 .text.tcp_eff_send_mss
                0x0000000000004920       0x40 ./lwip/src/core/tcp.o
                0x0000000000004920                tcp_eff_send_mss
 .text.tcp_input
                0x0000000000004960      0x66c ./lwip/src/core/tcp_in.o
                0x0000000000004960                tcp_input
 .text.tcp_listen_input
                0x0000000000004fcc      0x194 ./lwip/src/core/tcp_in.o
 .text.tcp_timewait_input
                0x0000000000005160       0xd4 ./lwip/src/core/tcp_in.o
 .text.tcp_process
                0x0000000000005234      0x6f4 ./lwip/src/core/tcp_in.o
 .text.tcp_oos_insert_segment
                0x0000000000005928       0xec ./lwip/src/core/tcp_in.o
 .text.tcp_receive
                0x0000000000005a14      0xf7c ./lwip/src/core/tcp_in.o
 .text.tcp_parseopt
                0x0000000000006990      0x108 ./lwip/src/core/tcp_in.o
 .text.tcp_output_alloc_header
                0x0000000000006a98       0xe2 ./lwip/src/core/tcp_out.o
 .text.tcp_send_fin
                0x0000000000006b7a       0x7c ./lwip/src/core/tcp_out.o
                0x0000000000006b7a                tcp_send_fin
 *fill*         0x0000000000006bf6        0x2 ff
 .text.tcp_create_segment
                0x0000000000006bf8      0x128 ./lwip/src/core/tcp_out.o
 .text.tcp_pbuf_prealloc
                0x0000000000006d20       0xae ./lwip/src/core/tcp_out.o
 .text.tcp_seg_add_chksum
                0x0000000000006dce       0x66 ./lwip/src/core/tcp_out.o
 .text.tcp_write_checks
                0x0000000000006e34       0xc6 ./lwip/src/core/tcp_out.o
 .text.tcp_write
                0x0000000000006efa      0x5f8 ./lwip/src/core/tcp_out.o
                0x0000000000006efa                tcp_write
 .text.tcp_enqueue_flags
                0x00000000000074f2      0x1d8 ./lwip/src/core/tcp_out.o
                0x00000000000074f2                tcp_enqueue_flags
 .text.tcp_send_empty_ack
                0x00000000000076ca       0x92 ./lwip/src/core/tcp_out.o
                0x00000000000076ca                tcp_send_empty_ack
 .text.tcp_output
                0x000000000000775c      0x2d0 ./lwip/src/core/tcp_out.o
                0x000000000000775c                tcp_output
 .text.tcp_output_segment
                0x0000000000007a2c      0x214 ./lwip/src/core/tcp_out.o
 .text.tcp_rst  0x0000000000007c40       0xde ./lwip/src/core/tcp_out.o
                0x0000000000007c40                tcp_rst
 .text.tcp_rexmit_rto
                0x0000000000007d1e       0x62 ./lwip/src/core/tcp_out.o
                0x0000000000007d1e                tcp_rexmit_rto
 .text.tcp_rexmit
                0x0000000000007d80       0x96 ./lwip/src/core/tcp_out.o
                0x0000000000007d80                tcp_rexmit
 .text.tcp_rexmit_fast
                0x0000000000007e16       0xa6 ./lwip/src/core/tcp_out.o
                0x0000000000007e16                tcp_rexmit_fast
 .text.tcp_keepalive
                0x0000000000007ebc       0x74 ./lwip/src/core/tcp_out.o
                0x0000000000007ebc                tcp_keepalive
 .text.tcp_zero_window_probe
                0x0000000000007f30      0x10a ./lwip/src/core/tcp_out.o
                0x0000000000007f30                tcp_zero_window_probe
 *fill*         0x000000000000803a        0x2 ff
 .text.tcpip_tcp_timer
                0x000000000000803c       0x48 ./lwip/src/core/timers.o
 .text.tcp_timer_needed
                0x0000000000008084       0x40 ./lwip/src/core/timers.o
                0x0000000000008084                tcp_timer_needed
 .text.ip_reass_timer
                0x00000000000080c4       0x24 ./lwip/src/core/timers.o
 .text.arp_timer
                0x00000000000080e8       0x24 ./lwip/src/core/timers.o
 .text.sys_timeouts_init
                0x000000000000810c       0x28 ./lwip/src/core/timers.o
                0x000000000000810c                sys_timeouts_init
 .text.sys_timeout
                0x0000000000008134       0xf4 ./lwip/src/core/timers.o
                0x0000000000008134                sys_timeout
 .text.sys_untimeout
                0x0000000000008228       0x8c ./lwip/src/core/timers.o
                0x0000000000008228                sys_untimeout
 .text.sys_timeouts_mbox_fetch
                0x00000000000082b4       0xac ./lwip/src/core/timers.o
                0x00000000000082b4                sys_timeouts_mbox_fetch
 .text.udp_init
                0x0000000000008360        0xc ./lwip/src/core/udp.o
                0x0000000000008360                udp_init
 .text.udp_new_port
                0x000000000000836c       0x70 ./lwip/src/core/udp.o
 .text.udp_input
                0x00000000000083dc      0x268 ./lwip/src/core/udp.o
                0x00000000000083dc                udp_input
 .text.udp_bind
                0x0000000000008644       0xcc ./lwip/src/core/udp.o
                0x0000000000008644                udp_bind
 .text.udp_recv
                0x0000000000008710       0x22 ./lwip/src/core/udp.o
                0x0000000000008710                udp_recv
 *fill*         0x0000000000008732        0x2 ff
 .text.udp_remove
                0x0000000000008734       0x60 ./lwip/src/core/udp.o
                0x0000000000008734                udp_remove
 .text.udp_new  0x0000000000008794       0x38 ./lwip/src/core/udp.o
                0x0000000000008794                udp_new
 .text.Chip_ENET_SetADDR
                0x00000000000087cc       0x4e ./lwip/src/arch/lpc17xx_40xx_emac.o
 .text.Chip_ENET_TXEnable
                0x000000000000881a       0x22 ./lwip/src/arch/lpc17xx_40xx_emac.o
 .text.Chip_ENET_RXEnable
                0x000000000000883c       0x2e ./lwip/src/arch/lpc17xx_40xx_emac.o
 .text.Chip_ENET_RXDisable
                0x000000000000886a       0x2e ./lwip/src/arch/lpc17xx_40xx_emac.o
 .text.Chip_ENET_ResetTXLogic
                0x0000000000008898       0x1e ./lwip/src/arch/lpc17xx_40xx_emac.o
 .text.Chip_ENET_ResetRXLogic
                0x00000000000088b6       0x1e ./lwip/src/arch/lpc17xx_40xx_emac.o
 .text.Chip_ENET_EnableRXFilter
                0x00000000000088d4       0x34 ./lwip/src/arch/lpc17xx_40xx_emac.o
 .text.Chip_ENET_GetTXProduceIndex
                0x0000000000008908       0x1a ./lwip/src/arch/lpc17xx_40xx_emac.o
 .text.Chip_ENET_GetTXConsumeIndex
                0x0000000000008922       0x1a ./lwip/src/arch/lpc17xx_40xx_emac.o
 .text.Chip_ENET_GetRXConsumeIndex
                0x000000000000893c       0x1a ./lwip/src/arch/lpc17xx_40xx_emac.o
 .text.Chip_ENET_GetFreeDescNum
                0x0000000000008956       0x36 ./lwip/src/arch/lpc17xx_40xx_emac.o
 .text.Chip_ENET_IsRxEmpty
                0x000000000000898c       0x2c ./lwip/src/arch/lpc17xx_40xx_emac.o
 .text.Chip_ENET_EnableInt
                0x00000000000089b8       0x24 ./lwip/src/arch/lpc17xx_40xx_emac.o
 .text.Chip_ENET_GetIntStatus
                0x00000000000089dc       0x18 ./lwip/src/arch/lpc17xx_40xx_emac.o
 .text.Chip_ENET_ClearIntStatus
                0x00000000000089f4       0x1c ./lwip/src/arch/lpc17xx_40xx_emac.o
 .text.lpc_rxqueue_pbuf
                0x0000000000008a10       0x94 ./lwip/src/arch/lpc17xx_40xx_emac.o
 .text.lpc_rx_setup
                0x0000000000008aa4       0x3e ./lwip/src/arch/lpc17xx_40xx_emac.o
 .text.lpc_low_level_input
                0x0000000000008ae2      0x178 ./lwip/src/arch/lpc17xx_40xx_emac.o
 *fill*         0x0000000000008c5a        0x2 ff
 .text.lpc_packet_addr_notsafe
                0x0000000000008c5c       0x58 ./lwip/src/arch/lpc17xx_40xx_emac.o
 .text.lpc_tx_setup
                0x0000000000008cb4       0x5e ./lwip/src/arch/lpc17xx_40xx_emac.o
 .text.lpc_tx_reclaim_st
                0x0000000000008d12       0xa0 ./lwip/src/arch/lpc17xx_40xx_emac.o
 .text.lpc_low_level_output
                0x0000000000008db2      0x19e ./lwip/src/arch/lpc17xx_40xx_emac.o
 .text.vPacketReceiveTask
                0x0000000000008f50       0x3a ./lwip/src/arch/lpc17xx_40xx_emac.o
 *fill*         0x0000000000008f8a        0x2 ff
 .text.vTransmitCleanupTask
                0x0000000000008f8c       0xac ./lwip/src/arch/lpc17xx_40xx_emac.o
 .text.low_level_init
                0x0000000000009038       0xb0 ./lwip/src/arch/lpc17xx_40xx_emac.o
 .text.lpc_etharp_output
                0x00000000000090e8       0x34 ./lwip/src/arch/lpc17xx_40xx_emac.o
 .text.lpc_rx_queue
                0x000000000000911c       0x5e ./lwip/src/arch/lpc17xx_40xx_emac.o
                0x000000000000911c                lpc_rx_queue
 .text.lpc_enetif_input
                0x000000000000917a       0x66 ./lwip/src/arch/lpc17xx_40xx_emac.o
                0x000000000000917a                lpc_enetif_input
 .text.lpc_tx_reclaim
                0x00000000000091e0       0x26 ./lwip/src/arch/lpc17xx_40xx_emac.o
                0x00000000000091e0                lpc_tx_reclaim
 .text.lpc_tx_ready
                0x0000000000009206       0x3c ./lwip/src/arch/lpc17xx_40xx_emac.o
                0x0000000000009206                lpc_tx_ready
 *fill*         0x0000000000009242        0x2 ff
 .text.ETH_IRQHandler
                0x0000000000009244       0x7c ./lwip/src/arch/lpc17xx_40xx_emac.o
                0x0000000000009244                ETH_IRQHandler
 .text.lpc_enetif_init
                0x00000000000092c0      0x154 ./lwip/src/arch/lpc17xx_40xx_emac.o
                0x00000000000092c0                lpc_enetif_init
 .text.assert_loop
                0x0000000000009414        0x6 ./lwip/src/arch/lpc_debug.o
                0x0000000000009414                assert_loop
 .text.sys_mbox_new
                0x000000000000941a       0x38 ./lwip/src/arch/sys_arch_freertos.o
                0x000000000000941a                sys_mbox_new
 .text.sys_mbox_free
                0x0000000000009452       0x26 ./lwip/src/arch/sys_arch_freertos.o
                0x0000000000009452                sys_mbox_free
 .text.sys_mbox_post
                0x0000000000009478       0x2a ./lwip/src/arch/sys_arch_freertos.o
                0x0000000000009478                sys_mbox_post
 .text.sys_mbox_trypost
                0x00000000000094a2       0x34 ./lwip/src/arch/sys_arch_freertos.o
                0x00000000000094a2                sys_mbox_trypost
 .text.sys_arch_mbox_fetch
                0x00000000000094d6       0x98 ./lwip/src/arch/sys_arch_freertos.o
                0x00000000000094d6                sys_arch_mbox_fetch
 .text.sys_arch_mbox_tryfetch
                0x000000000000956e       0x40 ./lwip/src/arch/sys_arch_freertos.o
                0x000000000000956e                sys_arch_mbox_tryfetch
 .text.sys_sem_new
                0x00000000000095ae       0x62 ./lwip/src/arch/sys_arch_freertos.o
                0x00000000000095ae                sys_sem_new
 .text.sys_arch_sem_wait
                0x0000000000009610       0x84 ./lwip/src/arch/sys_arch_freertos.o
                0x0000000000009610                sys_arch_sem_wait
 .text.sys_mutex_new
                0x0000000000009694       0x30 ./lwip/src/arch/sys_arch_freertos.o
                0x0000000000009694                sys_mutex_new
 .text.sys_mutex_lock
                0x00000000000096c4       0x28 ./lwip/src/arch/sys_arch_freertos.o
                0x00000000000096c4                sys_mutex_lock
 .text.sys_mutex_unlock
                0x00000000000096ec       0x1e ./lwip/src/arch/sys_arch_freertos.o
                0x00000000000096ec                sys_mutex_unlock
 .text.sys_sem_signal
                0x000000000000970a       0x1e ./lwip/src/arch/sys_arch_freertos.o
                0x000000000000970a                sys_sem_signal
 .text.sys_sem_free
                0x0000000000009728       0x1a ./lwip/src/arch/sys_arch_freertos.o
                0x0000000000009728                sys_sem_free
 .text.sys_init
                0x0000000000009742        0xc ./lwip/src/arch/sys_arch_freertos.o
                0x0000000000009742                sys_init
 .text.sys_thread_new
                0x000000000000974e       0x4c ./lwip/src/arch/sys_arch_freertos.o
                0x000000000000974e                sys_thread_new
 .text.sys_arch_protect
                0x000000000000979a        0xe ./lwip/src/arch/sys_arch_freertos.o
                0x000000000000979a                sys_arch_protect
 .text.sys_arch_unprotect
                0x00000000000097a8       0x14 ./lwip/src/arch/sys_arch_freertos.o
                0x00000000000097a8                sys_arch_unprotect
 .text.netconn_new_with_proto_and_callback
                0x00000000000097bc       0x9c ./lwip/src/api/api_lib.o
                0x00000000000097bc                netconn_new_with_proto_and_callback
 .text.netconn_delete
                0x0000000000009858       0x38 ./lwip/src/api/api_lib.o
                0x0000000000009858                netconn_delete
 .text.netconn_bind
                0x0000000000009890       0x70 ./lwip/src/api/api_lib.o
                0x0000000000009890                netconn_bind
 .text.netconn_listen_with_backlog
                0x0000000000009900       0x64 ./lwip/src/api/api_lib.o
                0x0000000000009900                netconn_listen_with_backlog
 .text.netconn_accept
                0x0000000000009964       0xb6 ./lwip/src/api/api_lib.o
                0x0000000000009964                netconn_accept
 *fill*         0x0000000000009a1a        0x2 ff
 .text.netconn_recv_data
                0x0000000000009a1c      0x12c ./lwip/src/api/api_lib.o
 .text.netconn_recv
                0x0000000000009b48       0xf0 ./lwip/src/api/api_lib.o
                0x0000000000009b48                netconn_recv
 .text.netconn_write_partly
                0x0000000000009c38       0xe8 ./lwip/src/api/api_lib.o
                0x0000000000009c38                netconn_write_partly
 .text.netconn_close_shutdown
                0x0000000000009d20       0x68 ./lwip/src/api/api_lib.o
 .text.netconn_close
                0x0000000000009d88       0x1a ./lwip/src/api/api_lib.o
                0x0000000000009d88                netconn_close
 *fill*         0x0000000000009da2        0x2 ff
 .text.recv_raw
                0x0000000000009da4       0xd8 ./lwip/src/api/api_msg.o
 .text.recv_udp
                0x0000000000009e7c       0xc8 ./lwip/src/api/api_msg.o
 .text.recv_tcp
                0x0000000000009f44       0xca ./lwip/src/api/api_msg.o
 .text.poll_tcp
                0x000000000000a00e       0x92 ./lwip/src/api/api_msg.o
 .text.sent_tcp
                0x000000000000a0a0       0x90 ./lwip/src/api/api_msg.o
 .text.err_tcp  0x000000000000a130      0x11a ./lwip/src/api/api_msg.o
 *fill*         0x000000000000a24a        0x2 ff
 .text.setup_tcp
                0x000000000000a24c       0x50 ./lwip/src/api/api_msg.o
 .text.accept_function
                0x000000000000a29c       0xd2 ./lwip/src/api/api_msg.o
 *fill*         0x000000000000a36e        0x2 ff
 .text.pcb_new  0x000000000000a370       0xf0 ./lwip/src/api/api_msg.o
 .text.do_newconn
                0x000000000000a460       0x32 ./lwip/src/api/api_msg.o
                0x000000000000a460                do_newconn
 *fill*         0x000000000000a492        0x2 ff
 .text.netconn_alloc
                0x000000000000a494       0xd8 ./lwip/src/api/api_msg.o
                0x000000000000a494                netconn_alloc
 .text.netconn_free
                0x000000000000a56c       0x4a ./lwip/src/api/api_msg.o
                0x000000000000a56c                netconn_free
 .text.netconn_drain
                0x000000000000a5b6       0xec ./lwip/src/api/api_msg.o
 *fill*         0x000000000000a6a2        0x2 ff
 .text.do_close_internal
                0x000000000000a6a4      0x1dc ./lwip/src/api/api_msg.o
 .text.do_delconn
                0x000000000000a880      0x13c ./lwip/src/api/api_msg.o
                0x000000000000a880                do_delconn
 .text.do_bind  0x000000000000a9bc       0xb8 ./lwip/src/api/api_msg.o
                0x000000000000a9bc                do_bind
 .text.do_listen
                0x000000000000aa74      0x114 ./lwip/src/api/api_msg.o
                0x000000000000aa74                do_listen
 .text.do_recv  0x000000000000ab88       0x6e ./lwip/src/api/api_msg.o
                0x000000000000ab88                do_recv
 .text.do_writemore
                0x000000000000abf6      0x21c ./lwip/src/api/api_msg.o
 .text.do_write
                0x000000000000ae12       0xb2 ./lwip/src/api/api_msg.o
                0x000000000000ae12                do_write
 .text.do_close
                0x000000000000aec4       0xc2 ./lwip/src/api/api_msg.o
                0x000000000000aec4                do_close
 .text.netbuf_delete
                0x000000000000af86       0x3c ./lwip/src/api/netbuf.o
                0x000000000000af86                netbuf_delete
 .text.netbuf_data
                0x000000000000afc2       0x68 ./lwip/src/api/netbuf.o
                0x000000000000afc2                netbuf_data
 .text.lwip_socket_init
                0x000000000000b02a        0xc ./lwip/src/api/sockets.o
                0x000000000000b02a                lwip_socket_init
 *fill*         0x000000000000b036        0x2 ff
 .text.tcpip_thread
                0x000000000000b038      0x10c ./lwip/src/api/tcpip.o
 .text.tcpip_input
                0x000000000000b144       0x70 ./lwip/src/api/tcpip.o
                0x000000000000b144                tcpip_input
 .text.tcpip_callback_with_block
                0x000000000000b1b4       0x84 ./lwip/src/api/tcpip.o
                0x000000000000b1b4                tcpip_callback_with_block
 .text.tcpip_apimsg
                0x000000000000b238       0x4c ./lwip/src/api/tcpip.o
                0x000000000000b238                tcpip_apimsg
 .text.tcpip_init
                0x000000000000b284       0x5c ./lwip/src/api/tcpip.o
                0x000000000000b284                tcpip_init
 .text.vApplicationMallocFailedHook
                0x000000000000b2e0       0x14 ./freertos/src/FreeRTOSCommonHooks.o
                0x000000000000b2e0                vApplicationMallocFailedHook
 .text.vApplicationIdleHook
                0x000000000000b2f4        0xe ./freertos/src/FreeRTOSCommonHooks.o
                0x000000000000b2f4                vApplicationIdleHook
 *fill*         0x000000000000b302        0x2 ff
 .text.vApplicationStackOverflowHook
                0x000000000000b304       0x1c ./freertos/src/FreeRTOSCommonHooks.o
                0x000000000000b304                vApplicationStackOverflowHook
 .text.pvPortMalloc
                0x000000000000b320       0x2c ./freertos/src/heap_3.o
                0x000000000000b320                pvPortMalloc
 .text.vPortFree
                0x000000000000b34c       0x24 ./freertos/src/heap_3.o
                0x000000000000b34c                vPortFree
 .text.vListInitialise
                0x000000000000b370       0x3e ./freertos/src/list.o
                0x000000000000b370                vListInitialise
 .text.vListInitialiseItem
                0x000000000000b3ae       0x18 ./freertos/src/list.o
                0x000000000000b3ae                vListInitialiseItem
 .text.vListInsertEnd
                0x000000000000b3c6       0x46 ./freertos/src/list.o
                0x000000000000b3c6                vListInsertEnd
 .text.vListInsert
                0x000000000000b40c       0x70 ./freertos/src/list.o
                0x000000000000b40c                vListInsert
 .text.uxListRemove
                0x000000000000b47c       0x52 ./freertos/src/list.o
                0x000000000000b47c                uxListRemove
 *fill*         0x000000000000b4ce        0x2 ff
 .text.pxPortInitialiseStack
                0x000000000000b4d0       0x54 ./freertos/src/port.o
                0x000000000000b4d0                pxPortInitialiseStack
 .text.prvTaskExitError
                0x000000000000b524        0xa ./freertos/src/port.o
 *fill*         0x000000000000b52e        0x2 ff
 .text.SVC_Handler
                0x000000000000b530       0x24 ./freertos/src/port.o
                0x000000000000b530                SVC_Handler
 .text.prvPortStartFirstTask
                0x000000000000b554       0x18 ./freertos/src/port.o
 .text.xPortStartScheduler
                0x000000000000b56c       0x38 ./freertos/src/port.o
                0x000000000000b56c                xPortStartScheduler
 .text.vPortYield
                0x000000000000b5a4       0x20 ./freertos/src/port.o
                0x000000000000b5a4                vPortYield
 .text.vPortEnterCritical
                0x000000000000b5c4       0x24 ./freertos/src/port.o
                0x000000000000b5c4                vPortEnterCritical
 .text.vPortExitCritical
                0x000000000000b5e8       0x24 ./freertos/src/port.o
                0x000000000000b5e8                vPortExitCritical
 .text.ulPortSetInterruptMask
                0x000000000000b60c       0x12 ./freertos/src/port.o
                0x000000000000b60c                ulPortSetInterruptMask
 .text.vPortClearInterruptMask
                0x000000000000b61e        0x8 ./freertos/src/port.o
                0x000000000000b61e                vPortClearInterruptMask
 *fill*         0x000000000000b626        0x2 ff
 .text.PendSV_Handler
                0x000000000000b628       0x40 ./freertos/src/port.o
                0x000000000000b628                PendSV_Handler
 .text.SysTick_Handler
                0x000000000000b668       0x28 ./freertos/src/port.o
                0x000000000000b668                SysTick_Handler
 .text.vPortSetupTimerInterrupt
                0x000000000000b690       0x34 ./freertos/src/port.o
                0x000000000000b690                vPortSetupTimerInterrupt
 .text.xQueueGenericReset
                0x000000000000b6c4       0xa4 ./freertos/src/queue.o
                0x000000000000b6c4                xQueueGenericReset
 .text.xQueueGenericCreate
                0x000000000000b768       0x78 ./freertos/src/queue.o
                0x000000000000b768                xQueueGenericCreate
 .text.xQueueCreateMutex
                0x000000000000b7e0       0x84 ./freertos/src/queue.o
                0x000000000000b7e0                xQueueCreateMutex
 .text.xQueueCreateCountingSemaphore
                0x000000000000b864       0x2c ./freertos/src/queue.o
                0x000000000000b864                xQueueCreateCountingSemaphore
 .text.xQueueGenericSend
                0x000000000000b890      0x110 ./freertos/src/queue.o
                0x000000000000b890                xQueueGenericSend
 .text.xQueueGenericSendFromISR
                0x000000000000b9a0       0x88 ./freertos/src/queue.o
                0x000000000000b9a0                xQueueGenericSendFromISR
 .text.xQueueGenericReceive
                0x000000000000ba28      0x16c ./freertos/src/queue.o
                0x000000000000ba28                xQueueGenericReceive
 .text.uxQueueMessagesWaiting
                0x000000000000bb94       0x20 ./freertos/src/queue.o
                0x000000000000bb94                uxQueueMessagesWaiting
 .text.vQueueDelete
                0x000000000000bbb4       0x2a ./freertos/src/queue.o
                0x000000000000bbb4                vQueueDelete
 .text.prvCopyDataToQueue
                0x000000000000bbde       0xce ./freertos/src/queue.o
 .text.prvCopyDataFromQueue
                0x000000000000bcac       0x4c ./freertos/src/queue.o
 .text.prvUnlockQueue
                0x000000000000bcf8       0x98 ./freertos/src/queue.o
 .text.prvIsQueueEmpty
                0x000000000000bd90       0x2c ./freertos/src/queue.o
 .text.prvIsQueueFull
                0x000000000000bdbc       0x30 ./freertos/src/queue.o
 .text.vQueueUnregisterQueue
                0x000000000000bdec       0x44 ./freertos/src/queue.o
                0x000000000000bdec                vQueueUnregisterQueue
 .text.xTaskGenericCreate
                0x000000000000be30      0x140 ./freertos/src/tasks.o
                0x000000000000be30                xTaskGenericCreate
 .text.vTaskDelay
                0x000000000000bf70       0x54 ./freertos/src/tasks.o
                0x000000000000bf70                vTaskDelay
 .text.vTaskStartScheduler
                0x000000000000bfc4       0x58 ./freertos/src/tasks.o
                0x000000000000bfc4                vTaskStartScheduler
 .text.vTaskSuspendAll
                0x000000000000c01c       0x1c ./freertos/src/tasks.o
                0x000000000000c01c                vTaskSuspendAll
 .text.xTaskResumeAll
                0x000000000000c038       0xfc ./freertos/src/tasks.o
                0x000000000000c038                xTaskResumeAll
 .text.xTaskGetTickCount
                0x000000000000c134       0x24 ./freertos/src/tasks.o
                0x000000000000c134                xTaskGetTickCount
 .text.xTaskIncrementTick
                0x000000000000c158      0x18c ./freertos/src/tasks.o
                0x000000000000c158                xTaskIncrementTick
 .text.vTaskSwitchContext
                0x000000000000c2e4       0xb8 ./freertos/src/tasks.o
                0x000000000000c2e4                vTaskSwitchContext
 .text.vTaskPlaceOnEventList
                0x000000000000c39c       0x60 ./freertos/src/tasks.o
                0x000000000000c39c                vTaskPlaceOnEventList
 .text.xTaskRemoveFromEventList
                0x000000000000c3fc       0xac ./freertos/src/tasks.o
                0x000000000000c3fc                xTaskRemoveFromEventList
 .text.vTaskSetTimeOutState
                0x000000000000c4a8       0x2c ./freertos/src/tasks.o
                0x000000000000c4a8                vTaskSetTimeOutState
 .text.xTaskCheckForTimeOut
                0x000000000000c4d4       0x88 ./freertos/src/tasks.o
                0x000000000000c4d4                xTaskCheckForTimeOut
 .text.vTaskMissedYield
                0x000000000000c55c       0x18 ./freertos/src/tasks.o
                0x000000000000c55c                vTaskMissedYield
 .text.prvIdleTask
                0x000000000000c574       0x24 ./freertos/src/tasks.o
 .text.prvInitialiseTCBVariables
                0x000000000000c598       0x98 ./freertos/src/tasks.o
 .text.prvInitialiseTaskLists
                0x000000000000c630       0x80 ./freertos/src/tasks.o
 .text.prvCheckTasksWaitingTermination
                0x000000000000c6b0       0x78 ./freertos/src/tasks.o
 .text.prvAddCurrentTaskToDelayedList
                0x000000000000c728       0x6c ./freertos/src/tasks.o
 .text.prvAllocateTCBAndStack
                0x000000000000c794       0x62 ./freertos/src/tasks.o
 .text.prvDeleteTCB
                0x000000000000c7f6       0x20 ./freertos/src/tasks.o
 *fill*         0x000000000000c816        0x2 ff
 .text.xTaskGetCurrentTaskHandle
                0x000000000000c818       0x1c ./freertos/src/tasks.o
                0x000000000000c818                xTaskGetCurrentTaskHandle
 .text.vTaskPriorityInherit
                0x000000000000c834       0xb4 ./freertos/src/tasks.o
                0x000000000000c834                vTaskPriorityInherit
 .text.vTaskPriorityDisinherit
                0x000000000000c8e8       0x7c ./freertos/src/tasks.o
                0x000000000000c8e8                vTaskPriorityDisinherit
 .text.__check_heap_overflow
                0x000000000000c964       0x2c ./example/src/cr_redlib_heap_fix.o
                0x000000000000c964                __check_heap_overflow
 .text.get_http_headers
                0x000000000000c990      0x134 ./example/src/lwip_fs.o
 .text.GetHTTP_Header
                0x000000000000cac4       0x1c ./example/src/lwip_fs.o
                0x000000000000cac4                GetHTTP_Header
 .text.fs_open  0x000000000000cae0       0x14 ./example/src/lwip_fs.o
                0x000000000000cae0                fs_open
 .text.fs_close
                0x000000000000caf4       0x24 ./example/src/lwip_fs.o
                0x000000000000caf4                fs_close
 .text.fs_read  0x000000000000cb18       0x18 ./example/src/lwip_fs.o
                0x000000000000cb18                fs_read
 .text.supported_method
                0x000000000000cb30       0x44 ./example/src/netconn_fs.o
 .text.get_version
                0x000000000000cb74       0x34 ./example/src/netconn_fs.o
 .text.http_server_netconn_serve
                0x000000000000cba8      0x1c8 ./example/src/netconn_fs.o
 .text.http_server_netconn_thread
                0x000000000000cd70       0x74 ./example/src/netconn_fs.o
 .text.http_server_netconn_init
                0x000000000000cde4       0x28 ./example/src/netconn_fs.o
                0x000000000000cde4                http_server_netconn_init
 .text.SystemInit
                0x000000000000ce0c       0x24 ./example/src/sysinit.o
                0x000000000000ce0c                SystemInit
 .text.NVIC_EnableIRQ
                0x000000000000ce30       0x30 ./example/src/webserver_freertos.o
 .text.NVIC_SetPriority
                0x000000000000ce60       0x54 ./example/src/webserver_freertos.o
 .text.Chip_ENET_Set100Mbps
                0x000000000000ceb4       0x1a ./example/src/webserver_freertos.o
 .text.Chip_ENET_Set10Mbps
                0x000000000000cece       0x18 ./example/src/webserver_freertos.o
 .text.prvSetupHardware
                0x000000000000cee6       0x18 ./example/src/webserver_freertos.o
 .text.tcpip_init_done_signal
                0x000000000000cefe       0x18 ./example/src/webserver_freertos.o
 *fill*         0x000000000000cf16        0x2 ff
 .text.vSetupIFTask
                0x000000000000cf18      0x1e8 ./example/src/webserver_freertos.o
 .text.server_thread
                0x000000000000d100       0xc4 ./example/src/webserver_freertos.o
 .text.msDelay  0x000000000000d1c4       0x2c ./example/src/webserver_freertos.o
                0x000000000000d1c4                msDelay
 .text.main     0x000000000000d1f0       0x3c ./example/src/webserver_freertos.o
                0x000000000000d1f0                main
 .text.Chip_IOCON_Init
                0x000000000000d22c       0x16 /Users/Jerry/MCUXpressoIDE/workspace2/lpc_board_nxp_lpcxpresso_1769/Debug/liblpc_board_nxp_lpcxpresso_1769.a(board.o)
 .text.Chip_GPIO_Init
                0x000000000000d242       0x16 /Users/Jerry/MCUXpressoIDE/workspace2/lpc_board_nxp_lpcxpresso_1769/Debug/liblpc_board_nxp_lpcxpresso_1769.a(board.o)
 .text.Chip_GPIO_SetPinState
                0x000000000000d258       0x68 /Users/Jerry/MCUXpressoIDE/workspace2/lpc_board_nxp_lpcxpresso_1769/Debug/liblpc_board_nxp_lpcxpresso_1769.a(board.o)
 .text.Chip_GPIO_WritePortBit
                0x000000000000d2c0       0x2c /Users/Jerry/MCUXpressoIDE/workspace2/lpc_board_nxp_lpcxpresso_1769/Debug/liblpc_board_nxp_lpcxpresso_1769.a(board.o)
 .text.Chip_GPIO_SetPinDIROutput
                0x000000000000d2ec       0x38 /Users/Jerry/MCUXpressoIDE/workspace2/lpc_board_nxp_lpcxpresso_1769/Debug/liblpc_board_nxp_lpcxpresso_1769.a(board.o)
 .text.Chip_GPIO_SetPinDIRInput
                0x000000000000d324       0x3a /Users/Jerry/MCUXpressoIDE/workspace2/lpc_board_nxp_lpcxpresso_1769/Debug/liblpc_board_nxp_lpcxpresso_1769.a(board.o)
 .text.Chip_GPIO_SetPinDIR
                0x000000000000d35e       0x42 /Users/Jerry/MCUXpressoIDE/workspace2/lpc_board_nxp_lpcxpresso_1769/Debug/liblpc_board_nxp_lpcxpresso_1769.a(board.o)
 .text.Chip_GPIO_WriteDirBit
                0x000000000000d3a0       0x2e /Users/Jerry/MCUXpressoIDE/workspace2/lpc_board_nxp_lpcxpresso_1769/Debug/liblpc_board_nxp_lpcxpresso_1769.a(board.o)
 *fill*         0x000000000000d3ce        0x2 ff
 .text.Board_LED_Init
                0x000000000000d3d0       0x18 /Users/Jerry/MCUXpressoIDE/workspace2/lpc_board_nxp_lpcxpresso_1769/Debug/liblpc_board_nxp_lpcxpresso_1769.a(board.o)
 .text.Board_LED_Set
                0x000000000000d3e8       0x30 /Users/Jerry/MCUXpressoIDE/workspace2/lpc_board_nxp_lpcxpresso_1769/Debug/liblpc_board_nxp_lpcxpresso_1769.a(board.o)
                0x000000000000d3e8                Board_LED_Set
 .text.Board_Init
                0x000000000000d418       0x20 /Users/Jerry/MCUXpressoIDE/workspace2/lpc_board_nxp_lpcxpresso_1769/Debug/liblpc_board_nxp_lpcxpresso_1769.a(board.o)
                0x000000000000d418                Board_Init
 .text.Board_ENET_GetMacADDR
                0x000000000000d438       0x34 /Users/Jerry/MCUXpressoIDE/workspace2/lpc_board_nxp_lpcxpresso_1769/Debug/liblpc_board_nxp_lpcxpresso_1769.a(board.o)
                0x000000000000d438                Board_ENET_GetMacADDR
 .text.Chip_SYSCTL_SetFLASHAccess
                0x000000000000d46c       0x30 /Users/Jerry/MCUXpressoIDE/workspace2/lpc_board_nxp_lpcxpresso_1769/Debug/liblpc_board_nxp_lpcxpresso_1769.a(board_sysinit.o)
 .text.Board_SetupMuxing
                0x000000000000d49c       0x1c /Users/Jerry/MCUXpressoIDE/workspace2/lpc_board_nxp_lpcxpresso_1769/Debug/liblpc_board_nxp_lpcxpresso_1769.a(board_sysinit.o)
                0x000000000000d49c                Board_SetupMuxing
 .text.Board_SetupClocking
                0x000000000000d4b8       0x12 /Users/Jerry/MCUXpressoIDE/workspace2/lpc_board_nxp_lpcxpresso_1769/Debug/liblpc_board_nxp_lpcxpresso_1769.a(board_sysinit.o)
                0x000000000000d4b8                Board_SetupClocking
 .text.Board_SystemInit
                0x000000000000d4ca       0x10 /Users/Jerry/MCUXpressoIDE/workspace2/lpc_board_nxp_lpcxpresso_1769/Debug/liblpc_board_nxp_lpcxpresso_1769.a(board_sysinit.o)
                0x000000000000d4ca                Board_SystemInit
 .text.Chip_ENET_IsMIIBusy
                0x000000000000d4da       0x24 /Users/Jerry/MCUXpressoIDE/workspace2/lpc_board_nxp_lpcxpresso_1769/Debug/liblpc_board_nxp_lpcxpresso_1769.a(lpc_phy_smsc87x0.o)
 *fill*         0x000000000000d4fe        0x2 ff
 .text.lpc_mii_write
                0x000000000000d500       0x64 /Users/Jerry/MCUXpressoIDE/workspace2/lpc_board_nxp_lpcxpresso_1769/Debug/liblpc_board_nxp_lpcxpresso_1769.a(lpc_phy_smsc87x0.o)
 .text.lpc_mii_read
                0x000000000000d564       0x74 /Users/Jerry/MCUXpressoIDE/workspace2/lpc_board_nxp_lpcxpresso_1769/Debug/liblpc_board_nxp_lpcxpresso_1769.a(lpc_phy_smsc87x0.o)
 .text.smsc_update_phy_sts
                0x000000000000d5d8       0xe8 /Users/Jerry/MCUXpressoIDE/workspace2/lpc_board_nxp_lpcxpresso_1769/Debug/liblpc_board_nxp_lpcxpresso_1769.a(lpc_phy_smsc87x0.o)
 .text.lpc_phy_init
                0x000000000000d6c0       0xac /Users/Jerry/MCUXpressoIDE/workspace2/lpc_board_nxp_lpcxpresso_1769/Debug/liblpc_board_nxp_lpcxpresso_1769.a(lpc_phy_smsc87x0.o)
                0x000000000000d6c0                lpc_phy_init
 .text.lpcPHYStsPoll
                0x000000000000d76c       0xc8 /Users/Jerry/MCUXpressoIDE/workspace2/lpc_board_nxp_lpcxpresso_1769/Debug/liblpc_board_nxp_lpcxpresso_1769.a(lpc_phy_smsc87x0.o)
                0x000000000000d76c                lpcPHYStsPoll
 .text.SystemCoreClockUpdate
                0x000000000000d834       0x18 /Users/Jerry/MCUXpressoIDE/workspace2/lpc_chip_175x_6x/Debug/liblpc_chip_175x_6x.a(chip_17xx_40xx.o)
                0x000000000000d834                SystemCoreClockUpdate
 .text.Chip_Clock_IsMainPLLEnabled
                0x000000000000d84c       0x24 /Users/Jerry/MCUXpressoIDE/workspace2/lpc_chip_175x_6x/Debug/liblpc_chip_175x_6x.a(clock_17xx_40xx.o)
 .text.Chip_Clock_IsMainPLLConnected
                0x000000000000d870       0x24 /Users/Jerry/MCUXpressoIDE/workspace2/lpc_chip_175x_6x/Debug/liblpc_chip_175x_6x.a(clock_17xx_40xx.o)
 .text.Chip_Clock_FeedPLL
                0x000000000000d894       0x34 /Users/Jerry/MCUXpressoIDE/workspace2/lpc_chip_175x_6x/Debug/liblpc_chip_175x_6x.a(clock_17xx_40xx.o)
 .text.Chip_Clock_GetMainPLLSource
                0x000000000000d8c8       0x20 /Users/Jerry/MCUXpressoIDE/workspace2/lpc_chip_175x_6x/Debug/liblpc_chip_175x_6x.a(clock_17xx_40xx.o)
 .text.Chip_Clock_GetMainOscRate
                0x000000000000d8e8       0x14 /Users/Jerry/MCUXpressoIDE/workspace2/lpc_chip_175x_6x/Debug/liblpc_chip_175x_6x.a(clock_17xx_40xx.o)
 .text.Chip_Clock_GetIntOscRate
                0x000000000000d8fc       0x14 /Users/Jerry/MCUXpressoIDE/workspace2/lpc_chip_175x_6x/Debug/liblpc_chip_175x_6x.a(clock_17xx_40xx.o)
 .text.Chip_Clock_GetRTCOscRate
                0x000000000000d910       0x14 /Users/Jerry/MCUXpressoIDE/workspace2/lpc_chip_175x_6x/Debug/liblpc_chip_175x_6x.a(clock_17xx_40xx.o)
 .text.Chip_Clock_GetMainPLLInClockRate
                0x000000000000d924        0xe /Users/Jerry/MCUXpressoIDE/workspace2/lpc_chip_175x_6x/Debug/liblpc_chip_175x_6x.a(clock_17xx_40xx.o)
 *fill*         0x000000000000d932        0x2 ff
 .text.Chip_Clock_EnablePLL
                0x000000000000d934       0x44 /Users/Jerry/MCUXpressoIDE/workspace2/lpc_chip_175x_6x/Debug/liblpc_chip_175x_6x.a(clock_17xx_40xx.o)
                0x000000000000d934                Chip_Clock_EnablePLL
 .text.Chip_Clock_DisablePLL
                0x000000000000d978       0x48 /Users/Jerry/MCUXpressoIDE/workspace2/lpc_chip_175x_6x/Debug/liblpc_chip_175x_6x.a(clock_17xx_40xx.o)
                0x000000000000d978                Chip_Clock_DisablePLL
 .text.Chip_Clock_SetupPLL
                0x000000000000d9c0       0x5c /Users/Jerry/MCUXpressoIDE/workspace2/lpc_chip_175x_6x/Debug/liblpc_chip_175x_6x.a(clock_17xx_40xx.o)
                0x000000000000d9c0                Chip_Clock_SetupPLL
 .text.Chip_Clock_EnablePeriphClock
                0x000000000000da1c       0x34 /Users/Jerry/MCUXpressoIDE/workspace2/lpc_chip_175x_6x/Debug/liblpc_chip_175x_6x.a(clock_17xx_40xx.o)
                0x000000000000da1c                Chip_Clock_EnablePeriphClock
 .text.Chip_Clock_GetCPUClockSource
                0x000000000000da50       0x24 /Users/Jerry/MCUXpressoIDE/workspace2/lpc_chip_175x_6x/Debug/liblpc_chip_175x_6x.a(clock_17xx_40xx.o)
                0x000000000000da50                Chip_Clock_GetCPUClockSource
 .text.Chip_Clock_SetCPUClockDiv
                0x000000000000da74       0x20 /Users/Jerry/MCUXpressoIDE/workspace2/lpc_chip_175x_6x/Debug/liblpc_chip_175x_6x.a(clock_17xx_40xx.o)
                0x000000000000da74                Chip_Clock_SetCPUClockDiv
 .text.Chip_Clock_GetCPUClockDiv
                0x000000000000da94       0x1c /Users/Jerry/MCUXpressoIDE/workspace2/lpc_chip_175x_6x/Debug/liblpc_chip_175x_6x.a(clock_17xx_40xx.o)
                0x000000000000da94                Chip_Clock_GetCPUClockDiv
 .text.Chip_Clock_GetSYSCLKRate
                0x000000000000dab0       0x34 /Users/Jerry/MCUXpressoIDE/workspace2/lpc_chip_175x_6x/Debug/liblpc_chip_175x_6x.a(clock_17xx_40xx.o)
                0x000000000000dab0                Chip_Clock_GetSYSCLKRate
 .text.Chip_Clock_GetMainPLLOutClockRate
                0x000000000000dae4       0x54 /Users/Jerry/MCUXpressoIDE/workspace2/lpc_chip_175x_6x/Debug/liblpc_chip_175x_6x.a(clock_17xx_40xx.o)
                0x000000000000dae4                Chip_Clock_GetMainPLLOutClockRate
 .text.Chip_Clock_GetMainClockRate
                0x000000000000db38       0x28 /Users/Jerry/MCUXpressoIDE/workspace2/lpc_chip_175x_6x/Debug/liblpc_chip_175x_6x.a(clock_17xx_40xx.o)
                0x000000000000db38                Chip_Clock_GetMainClockRate
 .text.Chip_Clock_GetSystemClockRate
                0x000000000000db60       0x18 /Users/Jerry/MCUXpressoIDE/workspace2/lpc_chip_175x_6x/Debug/liblpc_chip_175x_6x.a(clock_17xx_40xx.o)
                0x000000000000db60                Chip_Clock_GetSystemClockRate
 .text.Chip_Clock_GetENETClockRate
                0x000000000000db78        0xe /Users/Jerry/MCUXpressoIDE/workspace2/lpc_chip_175x_6x/Debug/liblpc_chip_175x_6x.a(enet_17xx_40xx.o)
 .text.Chip_ENET_Reset
                0x000000000000db86       0x22 /Users/Jerry/MCUXpressoIDE/workspace2/lpc_chip_175x_6x/Debug/liblpc_chip_175x_6x.a(enet_17xx_40xx.o)
 .text.resetENET
                0x000000000000dba8       0x28 /Users/Jerry/MCUXpressoIDE/workspace2/lpc_chip_175x_6x/Debug/liblpc_chip_175x_6x.a(enet_17xx_40xx.o)
 .text.Chip_ENET_Init
                0x000000000000dbd0       0x8e /Users/Jerry/MCUXpressoIDE/workspace2/lpc_chip_175x_6x/Debug/liblpc_chip_175x_6x.a(enet_17xx_40xx.o)
                0x000000000000dbd0                Chip_ENET_Init
 *fill*         0x000000000000dc5e        0x2 ff
 .text.Chip_ENET_SetupMII
                0x000000000000dc60       0x44 /Users/Jerry/MCUXpressoIDE/workspace2/lpc_chip_175x_6x/Debug/liblpc_chip_175x_6x.a(enet_17xx_40xx.o)
                0x000000000000dc60                Chip_ENET_SetupMII
 .text.Chip_ENET_FindMIIDiv
                0x000000000000dca4       0x50 /Users/Jerry/MCUXpressoIDE/workspace2/lpc_chip_175x_6x/Debug/liblpc_chip_175x_6x.a(enet_17xx_40xx.o)
                0x000000000000dca4                Chip_ENET_FindMIIDiv
 .text.Chip_ENET_StartMIIWrite
                0x000000000000dcf4       0x3c /Users/Jerry/MCUXpressoIDE/workspace2/lpc_chip_175x_6x/Debug/liblpc_chip_175x_6x.a(enet_17xx_40xx.o)
                0x000000000000dcf4                Chip_ENET_StartMIIWrite
 .text.Chip_ENET_StartMIIRead
                0x000000000000dd30       0x30 /Users/Jerry/MCUXpressoIDE/workspace2/lpc_chip_175x_6x/Debug/liblpc_chip_175x_6x.a(enet_17xx_40xx.o)
                0x000000000000dd30                Chip_ENET_StartMIIRead
 .text.Chip_ENET_ReadMIIData
                0x000000000000dd60       0x1e /Users/Jerry/MCUXpressoIDE/workspace2/lpc_chip_175x_6x/Debug/liblpc_chip_175x_6x.a(enet_17xx_40xx.o)
                0x000000000000dd60                Chip_ENET_ReadMIIData
 .text.Chip_ENET_SetFullDuplex
                0x000000000000dd7e       0x34 /Users/Jerry/MCUXpressoIDE/workspace2/lpc_chip_175x_6x/Debug/liblpc_chip_175x_6x.a(enet_17xx_40xx.o)
                0x000000000000dd7e                Chip_ENET_SetFullDuplex
 .text.Chip_ENET_SetHalfDuplex
                0x000000000000ddb2       0x34 /Users/Jerry/MCUXpressoIDE/workspace2/lpc_chip_175x_6x/Debug/liblpc_chip_175x_6x.a(enet_17xx_40xx.o)
                0x000000000000ddb2                Chip_ENET_SetHalfDuplex
 .text.Chip_ENET_InitTxDescriptors
                0x000000000000dde6       0x3a /Users/Jerry/MCUXpressoIDE/workspace2/lpc_chip_175x_6x/Debug/liblpc_chip_175x_6x.a(enet_17xx_40xx.o)
                0x000000000000dde6                Chip_ENET_InitTxDescriptors
 .text.Chip_ENET_InitRxDescriptors
                0x000000000000de20       0x3a /Users/Jerry/MCUXpressoIDE/workspace2/lpc_chip_175x_6x/Debug/liblpc_chip_175x_6x.a(enet_17xx_40xx.o)
                0x000000000000de20                Chip_ENET_InitRxDescriptors
 .text.Chip_ENET_GetFillDescNum
                0x000000000000de5a       0x4a /Users/Jerry/MCUXpressoIDE/workspace2/lpc_chip_175x_6x/Debug/liblpc_chip_175x_6x.a(enet_17xx_40xx.o)
                0x000000000000de5a                Chip_ENET_GetFillDescNum
 .text.Chip_ENET_IncTXProduceIndex
                0x000000000000dea4       0x3c /Users/Jerry/MCUXpressoIDE/workspace2/lpc_chip_175x_6x/Debug/liblpc_chip_175x_6x.a(enet_17xx_40xx.o)
                0x000000000000dea4                Chip_ENET_IncTXProduceIndex
 .text.Chip_ENET_IncRXConsumeIndex
                0x000000000000dee0       0x3c /Users/Jerry/MCUXpressoIDE/workspace2/lpc_chip_175x_6x/Debug/liblpc_chip_175x_6x.a(enet_17xx_40xx.o)
                0x000000000000dee0                Chip_ENET_IncRXConsumeIndex
 .text.Chip_IOCON_PinMuxSet
                0x000000000000df1c       0x36 /Users/Jerry/MCUXpressoIDE/workspace2/lpc_chip_175x_6x/Debug/liblpc_chip_175x_6x.a(iocon_17xx_40xx.o)
                0x000000000000df1c                Chip_IOCON_PinMuxSet
 .text.Chip_IOCON_PinMux
                0x000000000000df52       0x92 /Users/Jerry/MCUXpressoIDE/workspace2/lpc_chip_175x_6x/Debug/liblpc_chip_175x_6x.a(iocon_17xx_40xx.o)
                0x000000000000df52                Chip_IOCON_PinMux
 .text.Chip_IOCON_SetPinMuxing
                0x000000000000dfe4       0x62 /Users/Jerry/MCUXpressoIDE/workspace2/lpc_chip_175x_6x/Debug/liblpc_chip_175x_6x.a(iocon_17xx_40xx.o)
                0x000000000000dfe4                Chip_IOCON_SetPinMuxing
 *fill*         0x000000000000e046        0x2 ff
 .text.Chip_Clock_IsMainPLLEnabled
                0x000000000000e048       0x24 /Users/Jerry/MCUXpressoIDE/workspace2/lpc_chip_175x_6x/Debug/liblpc_chip_175x_6x.a(sysinit_17xx_40xx.o)
 .text.Chip_Clock_IsMainPLLLocked
                0x000000000000e06c       0x24 /Users/Jerry/MCUXpressoIDE/workspace2/lpc_chip_175x_6x/Debug/liblpc_chip_175x_6x.a(sysinit_17xx_40xx.o)
 .text.Chip_Clock_IsMainPLLConnected
                0x000000000000e090       0x24 /Users/Jerry/MCUXpressoIDE/workspace2/lpc_chip_175x_6x/Debug/liblpc_chip_175x_6x.a(sysinit_17xx_40xx.o)
 .text.Chip_Clock_EnableCrystal
                0x000000000000e0b4       0x20 /Users/Jerry/MCUXpressoIDE/workspace2/lpc_chip_175x_6x/Debug/liblpc_chip_175x_6x.a(sysinit_17xx_40xx.o)
 .text.Chip_Clock_IsCrystalEnabled
                0x000000000000e0d4       0x24 /Users/Jerry/MCUXpressoIDE/workspace2/lpc_chip_175x_6x/Debug/liblpc_chip_175x_6x.a(sysinit_17xx_40xx.o)
 .text.Chip_Clock_SetMainPLLSource
                0x000000000000e0f8       0x20 /Users/Jerry/MCUXpressoIDE/workspace2/lpc_chip_175x_6x/Debug/liblpc_chip_175x_6x.a(sysinit_17xx_40xx.o)
 .text.Chip_SetupXtalClocking
                0x000000000000e118       0x90 /Users/Jerry/MCUXpressoIDE/workspace2/lpc_chip_175x_6x/Debug/liblpc_chip_175x_6x.a(sysinit_17xx_40xx.o)
                0x000000000000e118                Chip_SetupXtalClocking
 .text.__main   0x000000000000e1a8        0xe /Applications/MCUXpressoIDE_10.1.1_606/ide/tools/bin/../lib/gcc/arm-none-eabi/6.3.1/../../../../arm-none-eabi/lib/thumb/v7-m/libcr_semihost.a(_cr__main.o)
                0x000000000000e1a8                __main
                0x000000000000e1a8                __CR_SEMIHOST
 .text.memcpy   0x000000000000e1b6        0x4 /Applications/MCUXpressoIDE_10.1.1_606/ide/tools/bin/../lib/gcc/arm-none-eabi/6.3.1/../../../../arm-none-eabi/lib/thumb/v7-m/libcr_c.a(memcpy.o)
                0x000000000000e1b6                memcpy
 .text.memset   0x000000000000e1ba        0x4 /Applications/MCUXpressoIDE_10.1.1_606/ide/tools/bin/../lib/gcc/arm-none-eabi/6.3.1/../../../../arm-none-eabi/lib/thumb/v7-m/libcr_c.a(memset.o)
                0x000000000000e1ba                memset
 *fill*         0x000000000000e1be        0x2 ff
 .text.malloc   0x000000000000e1c0       0xc4 /Applications/MCUXpressoIDE_10.1.1_606/ide/tools/bin/../lib/gcc/arm-none-eabi/6.3.1/../../../../arm-none-eabi/lib/thumb/v7-m/libcr_c.a(alloc.o)
                0x000000000000e1c0                malloc
 .text.free     0x000000000000e284       0x30 /Applications/MCUXpressoIDE_10.1.1_606/ide/tools/bin/../lib/gcc/arm-none-eabi/6.3.1/../../../../arm-none-eabi/lib/thumb/v7-m/libcr_c.a(alloc.o)
                0x000000000000e284                free
 .text._Csys_alloc
                0x000000000000e2b4       0x20 /Applications/MCUXpressoIDE_10.1.1_606/ide/tools/bin/../lib/gcc/arm-none-eabi/6.3.1/../../../../arm-none-eabi/lib/thumb/v7-m/libcr_c.a(alloc.o)
                0x000000000000e2b4                _Csys_alloc
 .text.fp_round
                0x000000000000e2d4       0x4c /Applications/MCUXpressoIDE_10.1.1_606/ide/tools/bin/../lib/gcc/arm-none-eabi/6.3.1/../../../../arm-none-eabi/lib/thumb/v7-m/libcr_c.a(fpprintf.o)
 .text.pr_dec.constprop.1
                0x000000000000e320       0x26 /Applications/MCUXpressoIDE_10.1.1_606/ide/tools/bin/../lib/gcc/arm-none-eabi/6.3.1/../../../../arm-none-eabi/lib/thumb/v7-m/libcr_c.a(fpprintf.o)
 *fill*         0x000000000000e346        0x2 ff
 .text.sprintf  0x000000000000e348       0x6c /Applications/MCUXpressoIDE_10.1.1_606/ide/tools/bin/../lib/gcc/arm-none-eabi/6.3.1/../../../../arm-none-eabi/lib/thumb/v7-m/libcr_c.a(fpprintf.o)
                0x000000000000e348                sprintf
 *fill*         0x000000000000e3b4        0x4 ff
 .text.fp_display
                0x000000000000e3b8      0x95c /Applications/MCUXpressoIDE_10.1.1_606/ide/tools/bin/../lib/gcc/arm-none-eabi/6.3.1/../../../../arm-none-eabi/lib/thumb/v7-m/libcr_c.a(fpprintf.o)
 .text.vsnprintf
                0x000000000000ed14       0x5c /Applications/MCUXpressoIDE_10.1.1_606/ide/tools/bin/../lib/gcc/arm-none-eabi/6.3.1/../../../../arm-none-eabi/lib/thumb/v7-m/libcr_c.a(fpprintf.o)
                0x000000000000ed14                vsnprintf
 .text.printf   0x000000000000ed70       0x54 /Applications/MCUXpressoIDE_10.1.1_606/ide/tools/bin/../lib/gcc/arm-none-eabi/6.3.1/../../../../arm-none-eabi/lib/thumb/v7-m/libcr_c.a(fpprintf.o)
                0x000000000000ed70                printf
 .text.gets     0x000000000000edc4       0x4c /Applications/MCUXpressoIDE_10.1.1_606/ide/tools/bin/../lib/gcc/arm-none-eabi/6.3.1/../../../../arm-none-eabi/lib/thumb/v7-m/libcr_c.a(gets.o)
                0x000000000000edc4                gets
 .text._initio  0x000000000000ee10       0x78 /Applications/MCUXpressoIDE_10.1.1_606/ide/tools/bin/../lib/gcc/arm-none-eabi/6.3.1/../../../../arm-none-eabi/lib/thumb/v7-m/libcr_c.a(initio.o)
                0x000000000000ee10                _initio
 .text.memcmp   0x000000000000ee88       0x42 /Applications/MCUXpressoIDE_10.1.1_606/ide/tools/bin/../lib/gcc/arm-none-eabi/6.3.1/../../../../arm-none-eabi/lib/thumb/v7-m/libcr_c.a(memcmp.o)
                0x000000000000ee88                memcmp
 *fill*         0x000000000000eeca        0x2 ff
 .text.__vfprintf
                0x000000000000eecc      0xb68 /Applications/MCUXpressoIDE_10.1.1_606/ide/tools/bin/../lib/gcc/arm-none-eabi/6.3.1/../../../../arm-none-eabi/lib/thumb/v7-m/libcr_c.a(printf.o)
                0x000000000000eecc                __vfprintf
 .text.ch_val   0x000000000000fa34       0x30 /Applications/MCUXpressoIDE_10.1.1_606/ide/tools/bin/../lib/gcc/arm-none-eabi/6.3.1/../../../../arm-none-eabi/lib/thumb/v7-m/libcr_c.a(scanf.o)
 .text.cr_rd_int
                0x000000000000fa64      0x1bc /Applications/MCUXpressoIDE_10.1.1_606/ide/tools/bin/../lib/gcc/arm-none-eabi/6.3.1/../../../../arm-none-eabi/lib/thumb/v7-m/libcr_c.a(scanf.o)
 .text.vfscanf  0x000000000000fc20      0x8ec /Applications/MCUXpressoIDE_10.1.1_606/ide/tools/bin/../lib/gcc/arm-none-eabi/6.3.1/../../../../arm-none-eabi/lib/thumb/v7-m/libcr_c.a(scanf.o)
                0x000000000000fc20                vfscanf
 .text.sscanf   0x000000000001050c       0x3e /Applications/MCUXpressoIDE_10.1.1_606/ide/tools/bin/../lib/gcc/arm-none-eabi/6.3.1/../../../../arm-none-eabi/lib/thumb/v7-m/libcr_c.a(scanf.o)
                0x000000000001050c                sscanf
 *fill*         0x000000000001054a        0x2 ff
 .text.setvbuf  0x000000000001054c       0x40 /Applications/MCUXpressoIDE_10.1.1_606/ide/tools/bin/../lib/gcc/arm-none-eabi/6.3.1/../../../../arm-none-eabi/lib/thumb/v7-m/libcr_c.a(setvbuf.o)
                0x000000000001054c                setvbuf
 .text.strcat   0x000000000001058c       0x1e /Applications/MCUXpressoIDE_10.1.1_606/ide/tools/bin/../lib/gcc/arm-none-eabi/6.3.1/../../../../arm-none-eabi/lib/thumb/v7-m/libcr_c.a(strcat.o)
                0x000000000001058c                strcat
 .text.strchr   0x00000000000105aa       0x18 /Applications/MCUXpressoIDE_10.1.1_606/ide/tools/bin/../lib/gcc/arm-none-eabi/6.3.1/../../../../arm-none-eabi/lib/thumb/v7-m/libcr_c.a(strchr.o)
                0x00000000000105aa                strchr
 .text.strcmp   0x00000000000105c2       0x44 /Applications/MCUXpressoIDE_10.1.1_606/ide/tools/bin/../lib/gcc/arm-none-eabi/6.3.1/../../../../arm-none-eabi/lib/thumb/v7-m/libcr_c.a(strcmp.o)
                0x00000000000105c2                strcmp
 .text.strcpy   0x0000000000010606       0x42 /Applications/MCUXpressoIDE_10.1.1_606/ide/tools/bin/../lib/gcc/arm-none-eabi/6.3.1/../../../../arm-none-eabi/lib/thumb/v7-m/libcr_c.a(strcpy.o)
                0x0000000000010606                strcpy
 .text.strlen   0x0000000000010648       0x4a /Applications/MCUXpressoIDE_10.1.1_606/ide/tools/bin/../lib/gcc/arm-none-eabi/6.3.1/../../../../arm-none-eabi/lib/thumb/v7-m/libcr_c.a(strlen.o)
                0x0000000000010648                strlen
 .text.strncmp  0x0000000000010692       0x52 /Applications/MCUXpressoIDE_10.1.1_606/ide/tools/bin/../lib/gcc/arm-none-eabi/6.3.1/../../../../arm-none-eabi/lib/thumb/v7-m/libcr_c.a(strncmp.o)
                0x0000000000010692                strncmp
 .text.strrchr  0x00000000000106e4       0x20 /Applications/MCUXpressoIDE_10.1.1_606/ide/tools/bin/../lib/gcc/arm-none-eabi/6.3.1/../../../../arm-none-eabi/lib/thumb/v7-m/libcr_c.a(strrchr.o)
                0x00000000000106e4                strrchr
 .text.strstr   0x0000000000010704       0x20 /Applications/MCUXpressoIDE_10.1.1_606/ide/tools/bin/../lib/gcc/arm-none-eabi/6.3.1/../../../../arm-none-eabi/lib/thumb/v7-m/libcr_c.a(strstr.o)
                0x0000000000010704                strstr
 .text.ungetc   0x0000000000010724       0x32 /Applications/MCUXpressoIDE_10.1.1_606/ide/tools/bin/../lib/gcc/arm-none-eabi/6.3.1/../../../../arm-none-eabi/lib/thumb/v7-m/libcr_c.a(ungetc.o)
                0x0000000000010724                ungetc
 .text._Csys_read_
                0x0000000000010756       0x22 /Applications/MCUXpressoIDE_10.1.1_606/ide/tools/bin/../lib/gcc/arm-none-eabi/6.3.1/../../../../arm-none-eabi/lib/thumb/v7-m/libcr_c.a(__fillbuf.o)
                0x0000000000010756                _Csys_read_
 .text.__filbuf
                0x0000000000010778      0x178 /Applications/MCUXpressoIDE_10.1.1_606/ide/tools/bin/../lib/gcc/arm-none-eabi/6.3.1/../../../../arm-none-eabi/lib/thumb/v7-m/libcr_c.a(__fillbuf.o)
                0x0000000000010778                __filbuf
 .text._sbrk    0x00000000000108f0       0x3c /Applications/MCUXpressoIDE_10.1.1_606/ide/tools/bin/../lib/gcc/arm-none-eabi/6.3.1/../../../../arm-none-eabi/lib/thumb/v7-m/libcr_c.a(_cr_sbrk.o)
                0x00000000000108f0                _sbrk
 .text._deferredlazyseek
                0x000000000001092c       0x40 /Applications/MCUXpressoIDE_10.1.1_606/ide/tools/bin/../lib/gcc/arm-none-eabi/6.3.1/../../../../arm-none-eabi/lib/thumb/v7-m/libcr_c.a(_deferredlazyseek.o)
                0x000000000001092c                _deferredlazyseek
 .text.__flsbuf
                0x000000000001096c      0x148 /Applications/MCUXpressoIDE_10.1.1_606/ide/tools/bin/../lib/gcc/arm-none-eabi/6.3.1/../../../../arm-none-eabi/lib/thumb/v7-m/libcr_c.a(_deferredlazyseek.o)
                0x000000000001096c                __flsbuf
 .text._fdopen  0x0000000000010ab4       0x68 /Applications/MCUXpressoIDE_10.1.1_606/ide/tools/bin/../lib/gcc/arm-none-eabi/6.3.1/../../../../arm-none-eabi/lib/thumb/v7-m/libcr_c.a(_fdopen.o)
                0x0000000000010ab4                _fdopen
 .text._fflush  0x0000000000010b1c       0x54 /Applications/MCUXpressoIDE_10.1.1_606/ide/tools/bin/../lib/gcc/arm-none-eabi/6.3.1/../../../../arm-none-eabi/lib/thumb/v7-m/libcr_c.a(_fflush.o)
                0x0000000000010b1c                _fflush
 .text._frexpl  0x0000000000010b70       0x58 /Applications/MCUXpressoIDE_10.1.1_606/ide/tools/bin/../lib/gcc/arm-none-eabi/6.3.1/../../../../arm-none-eabi/lib/thumb/v7-m/libcr_c.a(_frexpl.o)
                0x0000000000010b70                _frexpl
 .text._ldexpl  0x0000000000010bc8       0x4c /Applications/MCUXpressoIDE_10.1.1_606/ide/tools/bin/../lib/gcc/arm-none-eabi/6.3.1/../../../../arm-none-eabi/lib/thumb/v7-m/libcr_c.a(_ldexpl.o)
                0x0000000000010bc8                _ldexpl
 .text._Cwritebuf
                0x0000000000010c14       0x6c /Applications/MCUXpressoIDE_10.1.1_606/ide/tools/bin/../lib/gcc/arm-none-eabi/6.3.1/../../../../arm-none-eabi/lib/thumb/v7-m/libcr_c.a(_writebuf.o)
                0x0000000000010c14                _Cwritebuf
 .text.fclose   0x0000000000010c80       0x58 /Applications/MCUXpressoIDE_10.1.1_606/ide/tools/bin/../lib/gcc/arm-none-eabi/6.3.1/../../../../arm-none-eabi/lib/thumb/v7-m/libcr_c.a(fclose.o)
                0x0000000000010c80                fclose
 .text.fflush   0x0000000000010cd8       0x44 /Applications/MCUXpressoIDE_10.1.1_606/ide/tools/bin/../lib/gcc/arm-none-eabi/6.3.1/../../../../arm-none-eabi/lib/thumb/v7-m/libcr_c.a(fflush.o)
                0x0000000000010cd8                fflush
 .text.fseek    0x0000000000010d1c      0x100 /Applications/MCUXpressoIDE_10.1.1_606/ide/tools/bin/../lib/gcc/arm-none-eabi/6.3.1/../../../../arm-none-eabi/lib/thumb/v7-m/libcr_c.a(fseek.o)
                0x0000000000010d1c                fseek
 .text.ftell    0x0000000000010e1c       0x48 /Applications/MCUXpressoIDE_10.1.1_606/ide/tools/bin/../lib/gcc/arm-none-eabi/6.3.1/../../../../arm-none-eabi/lib/thumb/v7-m/libcr_c.a(ftell.o)
                0x0000000000010e1c                ftell
 .text.remove   0x0000000000010e64       0x14 /Applications/MCUXpressoIDE_10.1.1_606/ide/tools/bin/../lib/gcc/arm-none-eabi/6.3.1/../../../../arm-none-eabi/lib/thumb/v7-m/libcr_c.a(remove.o)
                0x0000000000010e64                remove
 .text._do_fflush
                0x0000000000010e78       0x40 /Applications/MCUXpressoIDE_10.1.1_606/ide/tools/bin/../lib/gcc/arm-none-eabi/6.3.1/../../../../arm-none-eabi/lib/thumb/v7-m/libcr_c.a(_do_fflush.o)
                0x0000000000010e78                _do_fflush
 .text.__aeabi_dmul
                0x0000000000010eb8      0x10c /Applications/MCUXpressoIDE_10.1.1_606/ide/tools/bin/../lib/gcc/arm-none-eabi/6.3.1/thumb/v7-m/libcr_eabihelpers.a(double.o)
                0x0000000000010eb8                __aeabi_dmul
 .text.__aeabi_ddiv
                0x0000000000010fc4      0x134 /Applications/MCUXpressoIDE_10.1.1_606/ide/tools/bin/../lib/gcc/arm-none-eabi/6.3.1/thumb/v7-m/libcr_eabihelpers.a(double.o)
                0x0000000000010fc4                __aeabi_ddiv
 .text.__aeabi_dsub
                0x00000000000110f8      0x1dc /Applications/MCUXpressoIDE_10.1.1_606/ide/tools/bin/../lib/gcc/arm-none-eabi/6.3.1/thumb/v7-m/libcr_eabihelpers.a(double.o)
                0x00000000000110f8                __aeabi_dsub
 .text.__aeabi_dadd
                0x00000000000112d4      0x10c /Applications/MCUXpressoIDE_10.1.1_606/ide/tools/bin/../lib/gcc/arm-none-eabi/6.3.1/thumb/v7-m/libcr_eabihelpers.a(double.o)
                0x00000000000112d4                __aeabi_dadd
 .text.__aeabi_d2f
                0x00000000000113e0       0x54 /Applications/MCUXpressoIDE_10.1.1_606/ide/tools/bin/../lib/gcc/arm-none-eabi/6.3.1/thumb/v7-m/libcr_eabihelpers.a(double.o)
                0x00000000000113e0                __aeabi_d2f
 .text.__aeabi_d2iz
                0x0000000000011434       0x40 /Applications/MCUXpressoIDE_10.1.1_606/ide/tools/bin/../lib/gcc/arm-none-eabi/6.3.1/thumb/v7-m/libcr_eabihelpers.a(double.o)
                0x0000000000011434                __aeabi_d2iz
 .text.__bhs_ui2d
                0x0000000000011474       0x46 /Applications/MCUXpressoIDE_10.1.1_606/ide/tools/bin/../lib/gcc/arm-none-eabi/6.3.1/thumb/v7-m/libcr_eabihelpers.a(double.o)
                0x0000000000011474                __bhs_ui2d
 .text.__aeabi_i2d
                0x00000000000114ba       0x12 /Applications/MCUXpressoIDE_10.1.1_606/ide/tools/bin/../lib/gcc/arm-none-eabi/6.3.1/thumb/v7-m/libcr_eabihelpers.a(double.o)
                0x00000000000114ba                __aeabi_i2d
 .text.__aeabi_dcmpeq
                0x00000000000114cc       0x2c /Applications/MCUXpressoIDE_10.1.1_606/ide/tools/bin/../lib/gcc/arm-none-eabi/6.3.1/thumb/v7-m/libcr_eabihelpers.a(double.o)
                0x00000000000114cc                __aeabi_dcmpeq
 .text.__aeabi_dcmplt
                0x00000000000114f8       0x54 /Applications/MCUXpressoIDE_10.1.1_606/ide/tools/bin/../lib/gcc/arm-none-eabi/6.3.1/thumb/v7-m/libcr_eabihelpers.a(double.o)
                0x00000000000114f8                __aeabi_dcmplt
 .text.__aeabi_dcmple
                0x000000000001154c       0x54 /Applications/MCUXpressoIDE_10.1.1_606/ide/tools/bin/../lib/gcc/arm-none-eabi/6.3.1/thumb/v7-m/libcr_eabihelpers.a(double.o)
                0x000000000001154c                __aeabi_dcmple
 .text.__aeabi_dcmpge
                0x00000000000115a0       0x54 /Applications/MCUXpressoIDE_10.1.1_606/ide/tools/bin/../lib/gcc/arm-none-eabi/6.3.1/thumb/v7-m/libcr_eabihelpers.a(double.o)
                0x00000000000115a0                __aeabi_dcmpge
 .text.__aeabi_memcpy
                0x00000000000115f4       0x34 /Applications/MCUXpressoIDE_10.1.1_606/ide/tools/bin/../lib/gcc/arm-none-eabi/6.3.1/thumb/v7-m/libcr_eabihelpers.a(memcpy.o)
                0x00000000000115f4                __aeabi_memcpy
                0x00000000000115fe                __aeabi_memcpy4
                0x00000000000115fe                __aeabi_memcpy8
 .text.__aeabi_memset_lowlevel
                0x0000000000011628       0x32 /Applications/MCUXpressoIDE_10.1.1_606/ide/tools/bin/../lib/gcc/arm-none-eabi/6.3.1/thumb/v7-m/libcr_eabihelpers.a(memcpy.o)
                0x0000000000011628                __aeabi_lowlevel_memset
 *fill*         0x000000000001165a        0x2 ff
 .text.__sys_appexit
                0x000000000001165c        0xc /Applications/MCUXpressoIDE_10.1.1_606/ide/tools/bin/../lib/gcc/arm-none-eabi/6.3.1/../../../../arm-none-eabi/lib/thumb/v7-m/libcr_semihost.a(__sys_appexit.o)
                0x000000000001165c                __exit
                0x000000000001165c                __sys_appexit
 .text.__sys_close
                0x0000000000011668        0xc /Applications/MCUXpressoIDE_10.1.1_606/ide/tools/bin/../lib/gcc/arm-none-eabi/6.3.1/../../../../arm-none-eabi/lib/thumb/v7-m/libcr_semihost.a(__sys_close.o)
                0x0000000000011668                __sys_close
 .text.__sys_flen
                0x0000000000011674        0xc /Applications/MCUXpressoIDE_10.1.1_606/ide/tools/bin/../lib/gcc/arm-none-eabi/6.3.1/../../../../arm-none-eabi/lib/thumb/v7-m/libcr_semihost.a(__sys_flen.o)
                0x0000000000011674                __sys_flen
 .text.__sys_istty
                0x0000000000011680        0xc /Applications/MCUXpressoIDE_10.1.1_606/ide/tools/bin/../lib/gcc/arm-none-eabi/6.3.1/../../../../arm-none-eabi/lib/thumb/v7-m/libcr_semihost.a(__sys_istty.o)
                0x0000000000011680                __sys_istty
 .text.__sys_read
                0x000000000001168c        0xc /Applications/MCUXpressoIDE_10.1.1_606/ide/tools/bin/../lib/gcc/arm-none-eabi/6.3.1/../../../../arm-none-eabi/lib/thumb/v7-m/libcr_semihost.a(__sys_read.o)
                0x000000000001168c                __sys_read
 .text.__sys_readc
                0x0000000000011698        0x8 /Applications/MCUXpressoIDE_10.1.1_606/ide/tools/bin/../lib/gcc/arm-none-eabi/6.3.1/../../../../arm-none-eabi/lib/thumb/v7-m/libcr_semihost.a(__sys_readc.o)
                0x0000000000011698                __readc
                0x0000000000011698                __sys_readc
 .text.__sys_remove
                0x00000000000116a0        0xc /Applications/MCUXpressoIDE_10.1.1_606/ide/tools/bin/../lib/gcc/arm-none-eabi/6.3.1/../../../../arm-none-eabi/lib/thumb/v7-m/libcr_semihost.a(__sys_remove.o)
                0x00000000000116a0                __sys_remove
 .text.__sys_seek
                0x00000000000116ac        0xc /Applications/MCUXpressoIDE_10.1.1_606/ide/tools/bin/../lib/gcc/arm-none-eabi/6.3.1/../../../../arm-none-eabi/lib/thumb/v7-m/libcr_semihost.a(__sys_seek.o)
                0x00000000000116ac                __sys_seek
 .text.__sys_tmpnam
                0x00000000000116b8        0xc /Applications/MCUXpressoIDE_10.1.1_606/ide/tools/bin/../lib/gcc/arm-none-eabi/6.3.1/../../../../arm-none-eabi/lib/thumb/v7-m/libcr_semihost.a(__sys_tmpnam.o)
                0x00000000000116b8                __sys_tmpnam
 .text.__sys_write
                0x00000000000116c4        0xc /Applications/MCUXpressoIDE_10.1.1_606/ide/tools/bin/../lib/gcc/arm-none-eabi/6.3.1/../../../../arm-none-eabi/lib/thumb/v7-m/libcr_semihost.a(__sys_write.o)
                0x00000000000116c4                __sys_write
 *(.rodata .rodata.* .constdata .constdata.*)
 .rodata.ethbroadcast
                0x00000000000116d0        0x6 ./lwip/src/netif/etharp.o
                0x00000000000116d0                ethbroadcast
 *fill*         0x00000000000116d6        0x2 ff
 .rodata.ethzero
                0x00000000000116d8        0x6 ./lwip/src/netif/etharp.o
                0x00000000000116d8                ethzero
 *fill*         0x00000000000116de        0x2 ff
 .rodata.memp_sizes
                0x00000000000116e0       0x1c ./lwip/src/core/memp.o
                0x00000000000116e0                memp_sizes
 .rodata.tcp_backoff
                0x00000000000116fc        0xd ./lwip/src/core/tcp.o
                0x00000000000116fc                tcp_backoff
 *fill*         0x0000000000011709        0x3 ff
 .rodata.tcp_persist_backoff
                0x000000000001170c        0x7 ./lwip/src/core/tcp.o
                0x000000000001170c                tcp_persist_backoff
 *fill*         0x0000000000011713        0x1 ff
 .rodata.tcp_pcb_lists
                0x0000000000011714       0x10 ./lwip/src/core/tcp.o
                0x0000000000011714                tcp_pcb_lists
 .rodata        0x0000000000011724       0x27 ./lwip/src/arch/lpc17xx_40xx_emac.o
 *fill*         0x000000000001174b        0x1 ff
 .rodata        0x000000000001174c        0xd ./lwip/src/api/tcpip.o
 *fill*         0x0000000000011759        0x3 ff
 .rodata        0x000000000001175c       0x58 ./freertos/src/FreeRTOSCommonHooks.o
 .rodata        0x00000000000117b4        0x5 ./freertos/src/tasks.o
 *fill*         0x00000000000117b9        0x3 ff
 .rodata        0x00000000000117bc      0x430 ./example/src/lwip_fs.o
 .rodata.g_psHTTPHeaderStrings
                0x0000000000011bec       0x6c ./example/src/lwip_fs.o
 .rodata.g_psHTTPHeaders
                0x0000000000011c58       0x90 ./example/src/lwip_fs.o
 .rodata.http_html_hdr
                0x0000000000011ce8       0x2d ./example/src/netconn_fs.o
 *fill*         0x0000000000011d15        0x3 ff
 .rodata.http_index_html
                0x0000000000011d18       0xa4 ./example/src/netconn_fs.o
 .rodata        0x0000000000011dbc       0x48 ./example/src/netconn_fs.o
 .rodata        0x0000000000011e04      0x1e1 ./example/src/webserver_freertos.o
 *fill*         0x0000000000011fe5        0x3 ff
 .rodata.OscRateIn
                0x0000000000011fe8        0x4 /Users/Jerry/MCUXpressoIDE/workspace2/lpc_board_nxp_lpcxpresso_1769/Debug/liblpc_board_nxp_lpcxpresso_1769.a(board.o)
                0x0000000000011fe8                OscRateIn
 .rodata.RTCOscRateIn
                0x0000000000011fec        0x4 /Users/Jerry/MCUXpressoIDE/workspace2/lpc_board_nxp_lpcxpresso_1769/Debug/liblpc_board_nxp_lpcxpresso_1769.a(board.o)
                0x0000000000011fec                RTCOscRateIn
 .rodata        0x0000000000011ff0        0x6 /Users/Jerry/MCUXpressoIDE/workspace2/lpc_board_nxp_lpcxpresso_1769/Debug/liblpc_board_nxp_lpcxpresso_1769.a(board.o)
 *fill*         0x0000000000011ff6        0x2 ff
 .rodata.pinmuxing
                0x0000000000011ff8       0x5c /Users/Jerry/MCUXpressoIDE/workspace2/lpc_board_nxp_lpcxpresso_1769/Debug/liblpc_board_nxp_lpcxpresso_1769.a(board_sysinit.o)
 .rodata.EnetClkDiv
                0x0000000000012054        0xf /Users/Jerry/MCUXpressoIDE/workspace2/lpc_chip_175x_6x/Debug/liblpc_chip_175x_6x.a(enet_17xx_40xx.o)
 .rodata._Csys_alloc.str1.1
                0x0000000000012063       0x18 /Applications/MCUXpressoIDE_10.1.1_606/ide/tools/bin/../lib/gcc/arm-none-eabi/6.3.1/../../../../arm-none-eabi/lib/thumb/v7-m/libcr_c.a(alloc.o)
 .rodata.fp_display.str1.1
                0x000000000001207b       0x34 /Applications/MCUXpressoIDE_10.1.1_606/ide/tools/bin/../lib/gcc/arm-none-eabi/6.3.1/../../../../arm-none-eabi/lib/thumb/v7-m/libcr_c.a(fpprintf.o)
                                         0x35 (size before relaxing)
 .rodata._initio.str1.1
                0x00000000000120af        0x4 /Applications/MCUXpressoIDE_10.1.1_606/ide/tools/bin/../lib/gcc/arm-none-eabi/6.3.1/../../../../arm-none-eabi/lib/thumb/v7-m/libcr_c.a(initio.o)
 .rodata.__vfprintf.str1.1
                0x00000000000120b3       0x31 /Applications/MCUXpressoIDE_10.1.1_606/ide/tools/bin/../lib/gcc/arm-none-eabi/6.3.1/../../../../arm-none-eabi/lib/thumb/v7-m/libcr_c.a(printf.o)
                                         0x38 (size before relaxing)
 *fill*         0x00000000000120e4        0x4 ff
 .rodata.__huge_vall
                0x00000000000120e8        0x8 /Applications/MCUXpressoIDE_10.1.1_606/ide/tools/bin/../lib/gcc/arm-none-eabi/6.3.1/../../../../arm-none-eabi/lib/thumb/v7-m/libcr_c.a(_hugeval.o)
                0x00000000000120e8                __huge_vall
 .rodata.__ctype
                0x00000000000120f0      0x180 /Applications/MCUXpressoIDE_10.1.1_606/ide/tools/bin/../lib/gcc/arm-none-eabi/6.3.1/../../../../arm-none-eabi/lib/thumb/v7-m/libcr_c.a(ctype.o)
                0x00000000000120f0                __ctype
 .rodata.__num_Ciob_streams
                0x0000000000012270        0x4 /Applications/MCUXpressoIDE_10.1.1_606/ide/tools/bin/../lib/gcc/arm-none-eabi/6.3.1/../../../../arm-none-eabi/lib/thumb/v7-m/libcr_semihost.a(__ciob.o)
                0x0000000000012270                __num_Ciob_streams
                0x0000000000012274                . = ALIGN (0x4)

.glue_7         0x0000000000012274        0x0
 .glue_7        0x0000000000012274        0x0 linker stubs

.glue_7t        0x0000000000012274        0x0
 .glue_7t       0x0000000000012274        0x0 linker stubs

.vfp11_veneer   0x0000000000012274        0x0
 .vfp11_veneer  0x0000000000012274        0x0 linker stubs

.v4_bx          0x0000000000012274        0x0
 .v4_bx         0x0000000000012274        0x0 linker stubs

.iplt           0x0000000000012274        0x0
 .iplt          0x0000000000012274        0x0 ./lwip/src/netif/etharp.o

.rel.dyn        0x0000000000012274        0x0
 .rel.iplt      0x0000000000012274        0x0 ./lwip/src/netif/etharp.o

.ARM.extab
 *(.ARM.extab* .gnu.linkonce.armextab.*)
                0x0000000000012274                __exidx_start = .

.ARM.exidx
 *(.ARM.exidx* .gnu.linkonce.armexidx.*)
                0x0000000000012274                __exidx_end = .
                0x0000000000012274                _etext = .

.data_RAM2      0x000000002007c000        0x0 load address 0x0000000000012274
 FILL mask 0xff
                [!provide]                        PROVIDE (__start_data_RAM2, .)
 *(.ramfunc.$RAM2)
 *(.ramfunc.$RamAHB32)
 *(.data.$RAM2*)
 *(.data.$RamAHB32*)
                0x000000002007c000                . = ALIGN (0x4)
                [!provide]                        PROVIDE (__end_data_RAM2, .)

.uninit_RESERVED
                0x0000000010000000        0x0
 *(.bss.$RESERVED*)
                0x0000000010000000                . = ALIGN (0x4)
                0x0000000010000000                _end_uninit_RESERVED = .

.data           0x0000000010000000       0x1c load address 0x0000000000012274
 FILL mask 0xff
                0x0000000010000000                _data = .
 *(vtable)
 *(.ramfunc*)
 *(.data*)
 .data.tcp_port
                0x0000000010000000        0x2 ./lwip/src/core/tcp.o
 *fill*         0x0000000010000002        0x2 ff
 .data.iss.5019
                0x0000000010000004        0x4 ./lwip/src/core/tcp.o
 .data.udp_port
                0x0000000010000008        0x2 ./lwip/src/core/udp.o
 *fill*         0x000000001000000a        0x2 ff
 .data.uxCriticalNesting
                0x000000001000000c        0x4 ./freertos/src/port.o
 .data.xNextTaskUnblockTime
                0x0000000010000010        0x4 ./freertos/src/tasks.o
 .data.neginf.4379
                0x0000000010000014        0x4 /Applications/MCUXpressoIDE_10.1.1_606/ide/tools/bin/../lib/gcc/arm-none-eabi/6.3.1/../../../../arm-none-eabi/lib/thumb/v7-m/libcr_c.a(scanf.o)
 .data.posinf.4378